Archive member included to satisfy reference by file (symbol)

c:/program files (x86)/atmel/studio/7.0/toolchain/arm/arm-gnu-toolchain/bin/../lib/gcc/arm-none-eabi/6.3.1/thumb/v7e-m\libgcc.a(_arm_addsubdf3.o)
                              src/main.o (__aeabi_i2d)
c:/program files (x86)/atmel/studio/7.0/toolchain/arm/arm-gnu-toolchain/bin/../lib/gcc/arm-none-eabi/6.3.1/thumb/v7e-m\libgcc.a(_arm_muldivdf3.o)
                              src/main.o (__aeabi_dmul)
c:/program files (x86)/atmel/studio/7.0/toolchain/arm/arm-gnu-toolchain/bin/../lib/gcc/arm-none-eabi/6.3.1/thumb/v7e-m\libgcc.a(_arm_cmpdf2.o)
                              src/main.o (__aeabi_dcmpgt)
c:/program files (x86)/atmel/studio/7.0/toolchain/arm/arm-gnu-toolchain/bin/../lib/gcc/arm-none-eabi/6.3.1/thumb/v7e-m\libgcc.a(_arm_truncdfsf2.o)
                              src/main.o (__aeabi_d2f)
c:/program files (x86)/atmel/studio/7.0/toolchain/arm/arm-gnu-toolchain/bin/../lib/gcc/arm-none-eabi/6.3.1/../../../../arm-none-eabi/lib/thumb/v7e-m\libc.a(lib_a-exit.o)
                              c:/program files (x86)/atmel/studio/7.0/toolchain/arm/arm-gnu-toolchain/bin/../lib/gcc/arm-none-eabi/6.3.1/../../../../arm-none-eabi/lib/thumb/v7e-m/crt0.o (exit)
c:/program files (x86)/atmel/studio/7.0/toolchain/arm/arm-gnu-toolchain/bin/../lib/gcc/arm-none-eabi/6.3.1/../../../../arm-none-eabi/lib/thumb/v7e-m\libc.a(lib_a-impure.o)
                              c:/program files (x86)/atmel/studio/7.0/toolchain/arm/arm-gnu-toolchain/bin/../lib/gcc/arm-none-eabi/6.3.1/../../../../arm-none-eabi/lib/thumb/v7e-m\libc.a(lib_a-exit.o) (_global_impure_ptr)
c:/program files (x86)/atmel/studio/7.0/toolchain/arm/arm-gnu-toolchain/bin/../lib/gcc/arm-none-eabi/6.3.1/../../../../arm-none-eabi/lib/thumb/v7e-m\libc.a(lib_a-init.o)
                              c:/program files (x86)/atmel/studio/7.0/toolchain/arm/arm-gnu-toolchain/bin/../lib/gcc/arm-none-eabi/6.3.1/../../../../arm-none-eabi/lib/thumb/v7e-m/crt0.o (__libc_init_array)
c:/program files (x86)/atmel/studio/7.0/toolchain/arm/arm-gnu-toolchain/bin/../lib/gcc/arm-none-eabi/6.3.1/../../../../arm-none-eabi/lib/thumb/v7e-m\libc.a(lib_a-memset.o)
                              c:/program files (x86)/atmel/studio/7.0/toolchain/arm/arm-gnu-toolchain/bin/../lib/gcc/arm-none-eabi/6.3.1/../../../../arm-none-eabi/lib/thumb/v7e-m/crt0.o (memset)
c:/program files (x86)/atmel/studio/7.0/toolchain/arm/arm-gnu-toolchain/bin/../lib/gcc/arm-none-eabi/6.3.1/../../../../arm-none-eabi/lib/thumb/v7e-m\libc.a(lib_a-sprintf.o)
                              src/main.o (sprintf)
c:/program files (x86)/atmel/studio/7.0/toolchain/arm/arm-gnu-toolchain/bin/../lib/gcc/arm-none-eabi/6.3.1/../../../../arm-none-eabi/lib/thumb/v7e-m\libc.a(lib_a-svfprintf.o)
                              c:/program files (x86)/atmel/studio/7.0/toolchain/arm/arm-gnu-toolchain/bin/../lib/gcc/arm-none-eabi/6.3.1/../../../../arm-none-eabi/lib/thumb/v7e-m\libc.a(lib_a-sprintf.o) (_svfprintf_r)
c:/program files (x86)/atmel/studio/7.0/toolchain/arm/arm-gnu-toolchain/bin/../lib/gcc/arm-none-eabi/6.3.1/../../../../arm-none-eabi/lib/thumb/v7e-m\libc.a(lib_a-__call_atexit.o)
                              c:/program files (x86)/atmel/studio/7.0/toolchain/arm/arm-gnu-toolchain/bin/../lib/gcc/arm-none-eabi/6.3.1/../../../../arm-none-eabi/lib/thumb/v7e-m\libc.a(lib_a-exit.o) (__call_exitprocs)
c:/program files (x86)/atmel/studio/7.0/toolchain/arm/arm-gnu-toolchain/bin/../lib/gcc/arm-none-eabi/6.3.1/../../../../arm-none-eabi/lib/thumb/v7e-m\libc.a(lib_a-atexit.o)
                              c:/program files (x86)/atmel/studio/7.0/toolchain/arm/arm-gnu-toolchain/bin/../lib/gcc/arm-none-eabi/6.3.1/../../../../arm-none-eabi/lib/thumb/v7e-m\libc.a(lib_a-__call_atexit.o) (atexit)
c:/program files (x86)/atmel/studio/7.0/toolchain/arm/arm-gnu-toolchain/bin/../lib/gcc/arm-none-eabi/6.3.1/../../../../arm-none-eabi/lib/thumb/v7e-m\libc.a(lib_a-dtoa.o)
                              c:/program files (x86)/atmel/studio/7.0/toolchain/arm/arm-gnu-toolchain/bin/../lib/gcc/arm-none-eabi/6.3.1/../../../../arm-none-eabi/lib/thumb/v7e-m\libc.a(lib_a-svfprintf.o) (_dtoa_r)
c:/program files (x86)/atmel/studio/7.0/toolchain/arm/arm-gnu-toolchain/bin/../lib/gcc/arm-none-eabi/6.3.1/../../../../arm-none-eabi/lib/thumb/v7e-m\libc.a(lib_a-fini.o)
                              c:/program files (x86)/atmel/studio/7.0/toolchain/arm/arm-gnu-toolchain/bin/../lib/gcc/arm-none-eabi/6.3.1/../../../../arm-none-eabi/lib/thumb/v7e-m\libc.a(lib_a-__call_atexit.o) (__libc_fini_array)
c:/program files (x86)/atmel/studio/7.0/toolchain/arm/arm-gnu-toolchain/bin/../lib/gcc/arm-none-eabi/6.3.1/../../../../arm-none-eabi/lib/thumb/v7e-m\libc.a(lib_a-localeconv.o)
                              c:/program files (x86)/atmel/studio/7.0/toolchain/arm/arm-gnu-toolchain/bin/../lib/gcc/arm-none-eabi/6.3.1/../../../../arm-none-eabi/lib/thumb/v7e-m\libc.a(lib_a-svfprintf.o) (_localeconv_r)
[...]
Memory Configuration

Name             Origin             Length             Attributes
rom              0x00400000         0x00200000         xr
ram              0x20400000         0x00060000         xrw
*default*        0x00000000         0xffffffff

Linker script and memory map

LOAD c:/program files (x86)/atmel/studio/7.0/toolchain/arm/arm-gnu-toolchain/bin/../lib/gcc/arm-none-eabi/6.3.1/thumb/v7e-m/crti.o
LOAD c:/program files (x86)/atmel/studio/7.0/toolchain/arm/arm-gnu-toolchain/bin/../lib/gcc/arm-none-eabi/6.3.1/thumb/v7e-m/crtbegin.o
LOAD c:/program files (x86)/atmel/studio/7.0/toolchain/arm/arm-gnu-toolchain/bin/../lib/gcc/arm-none-eabi/6.3.1/../../../../arm-none-eabi/lib/thumb/v7e-m/crt0.o
LOAD src/ASF/sam/drivers/rtc/rtc.o
LOAD src/ASF/sam/drivers/rtt/rtt.o
LOAD src/main.o
LOAD src/ASF/common/services/delay/sam/cycle_counter.o
LOAD src/ASF/common/services/spi/sam_spi/spi_master.o
LOAD src/ASF/sam/components/display/ili9488/ili9488.o
LOAD src/ASF/sam/drivers/spi/spi.o
LOAD src/ASF/common/services/clock/same70/sysclk.o
LOAD src/ASF/common/utils/interrupt/interrupt_sam_nvic.o
LOAD src/ASF/sam/boards/same70_xplained/init.o
LOAD src/ASF/sam/drivers/mpu/mpu.o
LOAD src/ASF/sam/drivers/pio/pio.o
LOAD src/ASF/sam/drivers/pio/pio_handler.o
LOAD src/ASF/sam/drivers/pmc/pmc.o
LOAD src/ASF/sam/drivers/pmc/sleep.o
LOAD src/ASF/sam/utils/cmsis/same70/source/templates/gcc/startup_same70.o
LOAD src/ASF/sam/utils/cmsis/same70/source/templates/system_same70.o
LOAD src/ASF/sam/utils/syscalls/gcc/syscalls.o
START GROUP
LOAD ../src/ASF/thirdparty/CMSIS/Lib/GCC\libarm_cortexM7lfsp_math_softfp.a
LOAD c:/program files (x86)/atmel/studio/7.0/toolchain/arm/arm-gnu-toolchain/bin/../lib/gcc/arm-none-eabi/6.3.1/../../../../arm-none-eabi/lib/thumb/v7e-m\libm.a
END GROUP
START GROUP
LOAD c:/program files (x86)/atmel/studio/7.0/toolchain/arm/arm-gnu-toolchain/bin/../lib/gcc/arm-none-eabi/6.3.1/thumb/v7e-m\libgcc.a
LOAD c:/program files (x86)/atmel/studio/7.0/toolchain/arm/arm-gnu-toolchain/bin/../lib/gcc/arm-none-eabi/6.3.1/../../../../arm-none-eabi/lib/thumb/v7e-m\libc.a
END GROUP
LOAD c:/program files (x86)/atmel/studio/7.0/toolchain/arm/arm-gnu-toolchain/bin/../lib/gcc/arm-none-eabi/6.3.1/thumb/v7e-m/crtend.o
LOAD c:/program files (x86)/atmel/studio/7.0/toolchain/arm/arm-gnu-toolchain/bin/../lib/gcc/arm-none-eabi/6.3.1/thumb/v7e-m/crtn.o
                0x00002000                STACK_SIZE = DEFINED (STACK_SIZE)?STACK_SIZE:0x2000
                0x2045fffc                __ram_end__ = ((ORIGIN (ram) + LENGTH (ram)) - 0x4)
                0x00000200                HEAP_SIZE = DEFINED (HEAP_SIZE)?HEAP_SIZE:0x200

.text           0x00400000    0x372e4
                0x00400000                . = ALIGN (0x4)
                0x00400000                _sfixed = .
 *(.vectors .vectors.*)
 .vectors       0x00400000      0x168 src/ASF/sam/utils/cmsis/same70/source/templates/gcc/startup_same70.o
                0x00400000                exception_table
 *(.text .text.* .gnu.linkonce.t.*)
 .text          0x00400168       0x6c c:/program files (x86)/atmel/studio/7.0/toolchain/arm/arm-gnu-toolchain/bin/../lib/gcc/arm-none-eabi/6.3.1/thumb/v7e-m/crtbegin.o
 .text.rtt_init
                0x004001d4       0x30 src/ASF/sam/drivers/rtt/rtt.o
                0x004001d4                rtt_init
 .text.rtt_sel_source
                0x00400204       0x58 src/ASF/sam/drivers/rtt/rtt.o
                0x00400204                rtt_sel_source
 .text.rtt_enable_interrupt
                0x0040025c       0x38 src/ASF/sam/drivers/rtt/rtt.o
                0x0040025c                rtt_enable_interrupt
 .text.rtt_disable_interrupt
                0x00400294       0x40 src/ASF/sam/drivers/rtt/rtt.o
                0x00400294                rtt_disable_interrupt
 .text.rtt_read_timer_value
                0x004002d4       0x2e src/ASF/sam/drivers/rtt/rtt.o
                0x004002d4                rtt_read_timer_value
 .text.rtt_get_status
                0x00400302       0x18 src/ASF/sam/drivers/rtt/rtt.o
                0x00400302                rtt_get_status
 *fill*         0x0040031a        0x2 
 .text.rtt_write_alarm_time
                0x0040031c       0x5c src/ASF/sam/drivers/rtt/rtt.o
                0x0040031c                rtt_write_alarm_time
 .text.NVIC_EnableIRQ
                0x00400378       0x34 src/main.o
 .text.NVIC_DisableIRQ
                0x004003ac       0x34 src/main.o
 .text.NVIC_ClearPendingIRQ
                0x004003e0       0x34 src/main.o
 .text.NVIC_SetPriority
                0x00400414       0x54 src/main.o
 .text.configure_lcd
                0x00400468       0x4c src/main.o
                0x00400468                configure_lcd
 .text.font_draw_text
                0x004004b4       0x88 src/main.o
                0x004004b4                font_draw_text
 .text.RTT_Handler
                0x0040053c       0x34 src/main.o
                0x0040053c                RTT_Handler
 .text.draw_screen
                0x00400570       0x28 src/main.o
                0x00400570                draw_screen
 .text.RTT_init
                0x00400598       0x98 src/main.o
 .text.but1_callback
                0x00400630       0x44 src/main.o
                0x00400630                but1_callback
 .text.but2_callback
                0x00400674       0x44 src/main.o
                0x00400674                but2_callback
 .text.but3_callback
                0x004006b8       0x44 src/main.o
                0x004006b8                but3_callback
 .text.iniciabots
                0x004006fc       0x8c src/main.o
                0x004006fc                iniciabots
 .text.io_init  0x00400788       0x5c src/main.o
                0x00400788                io_init
 *fill*         0x004007e4        0x4 
 .text.main     0x004007e8      0x450 src/main.o
                0x004007e8                main
 .text.osc_get_rate
                0x00400c38       0x74 src/ASF/common/services/spi/sam_spi/spi_master.o
 .text.sysclk_get_main_hz
                0x00400cac       0x20 src/ASF/common/services/spi/sam_spi/spi_master.o
 .text.sysclk_get_peripheral_hz
                0x00400ccc       0x14 src/ASF/common/services/spi/sam_spi/spi_master.o
 .text.spi_reset
                0x00400ce0       0x1a src/ASF/common/services/spi/sam_spi/spi_master.o
 .text.spi_set_master_mode
                0x00400cfa       0x20 src/ASF/common/services/spi/sam_spi/spi_master.o
 .text.spi_set_fixed_peripheral_select
                0x00400d1a       0x20 src/ASF/common/services/spi/sam_spi/spi_master.o
 .text.spi_disable_peripheral_select_decode
                0x00400d3a       0x20 src/ASF/common/services/spi/sam_spi/spi_master.o
 .text.spi_get_peripheral_select_decode_setting
                0x00400d5a       0x26 src/ASF/common/services/spi/sam_spi/spi_master.o
 .text.spi_disable_mode_fault_detect
                0x00400d80       0x20 src/ASF/common/services/spi/sam_spi/spi_master.o
 .text.spi_disable_loopback
                0x00400da0       0x20 src/ASF/common/services/spi/sam_spi/spi_master.o
 .text.spi_put  0x00400dc0       0x1e src/ASF/common/services/spi/sam_spi/spi_master.o
 .text.spi_get  0x00400dde       0x1a src/ASF/common/services/spi/sam_spi/spi_master.o
 .text.spi_is_tx_ready
                0x00400df8       0x26 src/ASF/common/services/spi/sam_spi/spi_master.o
 .text.spi_is_rx_ready
                0x00400e1e       0x2c src/ASF/common/services/spi/sam_spi/spi_master.o
 *fill*         0x00400e4a        0x2 
 .text.spi_write_single
                0x00400e4c       0x24 src/ASF/common/services/spi/sam_spi/spi_master.o
 .text.spi_read_single
                0x00400e70       0x24 src/ASF/common/services/spi/sam_spi/spi_master.o
 .text.spi_master_init
                0x00400e94       0x70 src/ASF/common/services/spi/sam_spi/spi_master.o
                0x00400e94                spi_master_init
 .text.spi_master_setup_device
                0x00400f04       0xb4 src/ASF/common/services/spi/sam_spi/spi_master.o
                0x00400f04                spi_master_setup_device
 .text.spi_select_device
                0x00400fb8       0x58 src/ASF/common/services/spi/sam_spi/spi_master.o
                0x00400fb8                spi_select_device
 .text.spi_write_packet
                0x00401010       0x74 src/ASF/common/services/spi/sam_spi/spi_master.o
                0x00401010                spi_write_packet
 .text.spi_read_packet
                0x00401084       0xac src/ASF/common/services/spi/sam_spi/spi_master.o
                0x00401084                spi_read_packet
 .text.spi_enable
                0x00401130       0x1a src/ASF/sam/components/display/ili9488/ili9488.o
 .text.spi_enable_interrupt
                0x0040114a       0x1c src/ASF/sam/components/display/ili9488/ili9488.o
 *fill*         0x00401166        0x2 
 .text.ili9488_write_ram_prepare
                0x00401168       0x40 src/ASF/sam/components/display/ili9488/ili9488.o
 .text.ili9488_write_ram_buffer
                0x004011a8       0x40 src/ASF/sam/components/display/ili9488/ili9488.o
 .text.ili9488_write_register
                0x004011e8       0x78 src/ASF/sam/components/display/ili9488/ili9488.o
 .text.ili9488_read_chipid
                0x00401260       0xcc src/ASF/sam/components/display/ili9488/ili9488.o
 .text.ili9488_delay
                0x0040132c       0x40 src/ASF/sam/components/display/ili9488/ili9488.o
                0x0040132c                ili9488_delay
 .text.ili9488_check_box_coordinates
                0x0040136c       0xa2 src/ASF/sam/components/display/ili9488/ili9488.o
 *fill*         0x0040140e        0x2 
 .text.ili9488_set_display_direction
                0x00401410       0x34 src/ASF/sam/components/display/ili9488/ili9488.o
                0x00401410                ili9488_set_display_direction
 .text.ili9488_set_window
                0x00401444       0xc8 src/ASF/sam/components/display/ili9488/ili9488.o
                0x00401444                ili9488_set_window
 .text.ili9488_init
                0x0040150c      0x15c src/ASF/sam/components/display/ili9488/ili9488.o
                0x0040150c                ili9488_init
 .text.ili9488_display_on
                0x00401668       0x18 src/ASF/sam/components/display/ili9488/ili9488.o
                0x00401668                ili9488_display_on
 .text.ili9488_set_foreground_color
                0x00401680       0x54 src/ASF/sam/components/display/ili9488/ili9488.o
                0x00401680                ili9488_set_foreground_color
 .text.ili9488_set_cursor_position
                0x004016d4       0x84 src/ASF/sam/components/display/ili9488/ili9488.o
                0x004016d4                ili9488_set_cursor_position
 .text.ili9488_draw_filled_rectangle
                0x00401758       0xdc src/ASF/sam/components/display/ili9488/ili9488.o
                0x00401758                ili9488_draw_filled_rectangle
 .text.ili9488_draw_pixmap
                0x00401834       0xb4 src/ASF/sam/components/display/ili9488/ili9488.o
                0x00401834                ili9488_draw_pixmap
 .text.spi_get_peripheral_select_mode
                0x004018e8       0x26 src/ASF/sam/drivers/spi/spi.o
 *fill*         0x0040190e        0x2 
 .text.sysclk_enable_peripheral_clock
                0x00401910       0x1c src/ASF/sam/drivers/spi/spi.o
 .text.spi_enable_clock
                0x0040192c       0x3c src/ASF/sam/drivers/spi/spi.o
                0x0040192c                spi_enable_clock
 .text.spi_set_peripheral_chip_select_value
                0x00401968       0x34 src/ASF/sam/drivers/spi/spi.o
                0x00401968                spi_set_peripheral_chip_select_value
 .text.spi_set_delay_between_chip_select
                0x0040199c       0x30 src/ASF/sam/drivers/spi/spi.o
                0x0040199c                spi_set_delay_between_chip_select
 .text.spi_write
                0x004019cc       0x80 src/ASF/sam/drivers/spi/spi.o
                0x004019cc                spi_write
 .text.spi_set_clock_polarity
                0x00401a4c       0x50 src/ASF/sam/drivers/spi/spi.o
                0x00401a4c                spi_set_clock_polarity
 .text.spi_set_clock_phase
                0x00401a9c       0x50 src/ASF/sam/drivers/spi/spi.o
                0x00401a9c                spi_set_clock_phase
 .text.spi_configure_cs_behavior
                0x00401aec       0xa6 src/ASF/sam/drivers/spi/spi.o
                0x00401aec                spi_configure_cs_behavior
 .text.spi_set_bits_per_transfer
                0x00401b92       0x4a src/ASF/sam/drivers/spi/spi.o
                0x00401b92                spi_set_bits_per_transfer
 .text.spi_calc_baudrate_div
                0x00401bdc       0x3c src/ASF/sam/drivers/spi/spi.o
                0x00401bdc                spi_calc_baudrate_div
 .text.spi_set_baudrate_div
                0x00401c18       0x5e src/ASF/sam/drivers/spi/spi.o
                0x00401c18                spi_set_baudrate_div
 .text.spi_set_transfer_delay
                0x00401c76       0x5e src/ASF/sam/drivers/spi/spi.o
                0x00401c76                spi_set_transfer_delay
 .text.osc_enable
                0x00401cd4       0x88 src/ASF/common/services/clock/same70/sysclk.o
 .text.osc_is_ready
                0x00401d5c       0x70 src/ASF/common/services/clock/same70/sysclk.o
 .text.osc_get_rate
                0x00401dcc       0x74 src/ASF/common/services/clock/same70/sysclk.o
 .text.osc_wait_ready
                0x00401e40       0x2c src/ASF/common/services/clock/same70/sysclk.o
 .text.pll_config_init
                0x00401e6c       0x6c src/ASF/common/services/clock/same70/sysclk.o
 .text.pll_enable
                0x00401ed8       0x40 src/ASF/common/services/clock/same70/sysclk.o
 .text.pll_is_locked
                0x00401f18       0x2c src/ASF/common/services/clock/same70/sysclk.o
 .text.pll_enable_source
                0x00401f44       0x38 src/ASF/common/services/clock/same70/sysclk.o
 .text.pll_wait_for_lock
                0x00401f7c       0x24 src/ASF/common/services/clock/same70/sysclk.o
 .text.sysclk_get_main_hz
                0x00401fa0       0x20 src/ASF/common/services/clock/same70/sysclk.o
 .text.sysclk_get_cpu_hz
                0x00401fc0       0x14 src/ASF/common/services/clock/same70/sysclk.o
 .text.sysclk_init
                0x00401fd4       0x7c src/ASF/common/services/clock/same70/sysclk.o
                0x00401fd4                sysclk_init
 .text.SCB_EnableICache
                0x00402050       0x38 src/ASF/sam/boards/same70_xplained/init.o
 .text.SCB_EnableDCache
                0x00402088       0xa4 src/ASF/sam/boards/same70_xplained/init.o
 .text.sysclk_enable_peripheral_clock
                0x0040212c       0x1c src/ASF/sam/boards/same70_xplained/init.o
 .text.ioport_init
                0x00402148       0x2c src/ASF/sam/boards/same70_xplained/init.o
 .text.ioport_set_pin_mode
                0x00402174      0x11c src/ASF/sam/boards/same70_xplained/init.o
 .text.ioport_set_pin_dir
                0x00402290       0x88 src/ASF/sam/boards/same70_xplained/init.o
 .text.ioport_set_pin_level
                0x00402318       0x6c src/ASF/sam/boards/same70_xplained/init.o
 .text.ioport_set_pin_sense_mode
                0x00402384       0xd0 src/ASF/sam/boards/same70_xplained/init.o
 .text.tcm_disable
                0x00402454       0x44 src/ASF/sam/boards/same70_xplained/init.o
 .text.board_init
                0x00402498      0x188 src/ASF/sam/boards/same70_xplained/init.o
                0x00402498                board_init
 .text.pio_pull_up
                0x00402620       0x2c src/ASF/sam/drivers/pio/pio.o
                0x00402620                pio_pull_up
 .text.pio_set_debounce_filter
                0x0040264c       0x38 src/ASF/sam/drivers/pio/pio.o
                0x0040264c                pio_set_debounce_filter
 .text.pio_set  0x00402684       0x1c src/ASF/sam/drivers/pio/pio.o
                0x00402684                pio_set
 .text.pio_get  0x004026a0       0x46 src/ASF/sam/drivers/pio/pio.o
                0x004026a0                pio_get
 .text.pio_set_peripheral
                0x004026e6      0x110 src/ASF/sam/drivers/pio/pio.o
                0x004026e6                pio_set_peripheral
 *fill*         0x004027f6        0x2 
 .text.pio_set_input
                0x004027f8       0x80 src/ASF/sam/drivers/pio/pio.o
                0x004027f8                pio_set_input
 .text.pio_set_output
                0x00402878       0x64 src/ASF/sam/drivers/pio/pio.o
                0x00402878                pio_set_output
 .text.pio_configure
                0x004028dc       0xcc src/ASF/sam/drivers/pio/pio.o
                0x004028dc                pio_configure
 .text.pio_configure_interrupt
                0x004029a8       0x6c src/ASF/sam/drivers/pio/pio.o
                0x004029a8                pio_configure_interrupt
 .text.pio_enable_interrupt
                0x00402a14       0x1c src/ASF/sam/drivers/pio/pio.o
                0x00402a14                pio_enable_interrupt
 .text.pio_disable_interrupt
                0x00402a30       0x1c src/ASF/sam/drivers/pio/pio.o
                0x00402a30                pio_disable_interrupt
 .text.pio_get_interrupt_status
                0x00402a4c       0x18 src/ASF/sam/drivers/pio/pio.o
                0x00402a4c                pio_get_interrupt_status
 .text.pio_get_interrupt_mask
                0x00402a64       0x18 src/ASF/sam/drivers/pio/pio.o
                0x00402a64                pio_get_interrupt_mask
 .text.pio_set_pin_high
                0x00402a7c       0x30 src/ASF/sam/drivers/pio/pio.o
                0x00402a7c                pio_set_pin_high
 .text.pio_set_pin_low
                0x00402aac       0x30 src/ASF/sam/drivers/pio/pio.o
                0x00402aac                pio_set_pin_low
 .text.pio_configure_pin
                0x00402adc      0x1b0 src/ASF/sam/drivers/pio/pio.o
                0x00402adc                pio_configure_pin
 .text.pio_get_pin_group
                0x00402c8c       0x28 src/ASF/sam/drivers/pio/pio.o
                0x00402c8c                pio_get_pin_group
 .text.pio_handler_process
                0x00402cb4       0xb4 src/ASF/sam/drivers/pio/pio_handler.o
                0x00402cb4                pio_handler_process
 .text.pio_handler_set
                0x00402d68       0xa0 src/ASF/sam/drivers/pio/pio_handler.o
                0x00402d68                pio_handler_set
 .text.PIOA_Handler
                0x00402e08       0x18 src/ASF/sam/drivers/pio/pio_handler.o
                0x00402e08                PIOA_Handler
 .text.PIOB_Handler
                0x00402e20       0x18 src/ASF/sam/drivers/pio/pio_handler.o
                0x00402e20                PIOB_Handler
 .text.PIOC_Handler
                0x00402e38       0x18 src/ASF/sam/drivers/pio/pio_handler.o
                0x00402e38                PIOC_Handler
 .text.PIOD_Handler
                0x00402e50       0x18 src/ASF/sam/drivers/pio/pio_handler.o
                0x00402e50                PIOD_Handler
 .text.PIOE_Handler
                0x00402e68       0x18 src/ASF/sam/drivers/pio/pio_handler.o
                0x00402e68                PIOE_Handler
 .text.pmc_mck_set_division
                0x00402e80       0x7c src/ASF/sam/drivers/pmc/pmc.o
                0x00402e80                pmc_mck_set_division
 .text.pmc_switch_mck_to_pllack
                0x00402efc       0x84 src/ASF/sam/drivers/pmc/pmc.o
                0x00402efc                pmc_switch_mck_to_pllack
 .text.pmc_switch_sclk_to_32kxtal
                0x00402f80       0x38 src/ASF/sam/drivers/pmc/pmc.o
                0x00402f80                pmc_switch_sclk_to_32kxtal
 .text.pmc_osc_is_ready_32kxtal
                0x00402fb8       0x34 src/ASF/sam/drivers/pmc/pmc.o
                0x00402fb8                pmc_osc_is_ready_32kxtal
 .text.pmc_switch_mainck_to_fastrc
                0x00402fec       0x70 src/ASF/sam/drivers/pmc/pmc.o
                0x00402fec                pmc_switch_mainck_to_fastrc
 .text.pmc_switch_mainck_to_xtal
                0x0040305c       0x78 src/ASF/sam/drivers/pmc/pmc.o
                0x0040305c                pmc_switch_mainck_to_xtal
 .text.pmc_osc_is_ready_mainck
                0x004030d4       0x1c src/ASF/sam/drivers/pmc/pmc.o
                0x004030d4                pmc_osc_is_ready_mainck
 .text.pmc_disable_pllack
                0x004030f0       0x1c src/ASF/sam/drivers/pmc/pmc.o
                0x004030f0                pmc_disable_pllack
 .text.pmc_is_locked_pllack
                0x0040310c       0x1c src/ASF/sam/drivers/pmc/pmc.o
                0x0040310c                pmc_is_locked_pllack
 .text.pmc_is_locked_upll
                0x00403128       0x1c src/ASF/sam/drivers/pmc/pmc.o
                0x00403128                pmc_is_locked_upll
 .text.pmc_enable_periph_clk
                0x00403144       0x3c src/ASF/sam/drivers/pmc/pmc.o
                0x00403144                pmc_enable_periph_clk
 .text.pmc_set_flash_in_wait_mode
                0x00403180       0x20 src/ASF/sam/drivers/pmc/pmc.o
                0x00403180                pmc_set_flash_in_wait_mode
 .text.pmc_enable_waitmode
                0x004031a0       0x90 src/ASF/sam/drivers/pmc/pmc.o
                0x004031a0                pmc_enable_waitmode
 .text.pmc_sleep
                0x00403230      0x398 src/ASF/sam/drivers/pmc/sleep.o
                0x00403230                pmc_sleep
 .text.cpu_irq_save
                0x004035c8       0x38 src/ASF/sam/utils/cmsis/same70/source/templates/gcc/startup_same70.o
 .text.cpu_irq_is_enabled_flags
                0x00403600       0x20 src/ASF/sam/utils/cmsis/same70/source/templates/gcc/startup_same70.o
 .text.cpu_irq_restore
                0x00403620       0x30 src/ASF/sam/utils/cmsis/same70/source/templates/gcc/startup_same70.o
 .text.Reset_Handler
                0x00403650       0xb0 src/ASF/sam/utils/cmsis/same70/source/templates/gcc/startup_same70.o
                0x00403650                Reset_Handler
 .text.Dummy_Handler
                0x00403700        0x6 src/ASF/sam/utils/cmsis/same70/source/templates/gcc/startup_same70.o
                0x00403700                DACC_Handler
                0x00403700                DebugMon_Handler
                0x00403700                UART3_Handler
                0x00403700                UART2_Handler
                0x00403700                TRNG_Handler
                0x00403700                HardFault_Handler
                0x00403700                TC2_Handler
                0x00403700                SysTick_Handler
                0x00403700                AFEC1_Handler
                0x00403700                PendSV_Handler
                0x00403700                NMI_Handler
                0x00403700                TC7_Handler
                0x00403700                QSPI_Handler
                0x00403700                ISI_Handler
                0x00403700                MCAN0_INT0_Handler
                0x00403700                TC9_Handler
                0x00403700                RSWDT_Handler
                0x00403700                USART0_Handler
                0x00403700                USBHS_Handler
                0x00403700                IXC_Handler
                0x00403700                CCF_Handler
                0x00403700                RTC_Handler
                0x00403700                UsageFault_Handler
                0x00403700                TC6_Handler
                0x00403700                WDT_Handler
                0x00403700                MCAN1_INT1_Handler
                0x00403700                TC4_Handler
                0x00403700                TC1_Handler
                0x00403700                HSMCI_Handler
                0x00403700                UART1_Handler
                0x00403700                TC3_Handler
                0x00403700                Dummy_Handler
                0x00403700                TWIHS1_Handler
                0x00403700                XDMAC_Handler
                0x00403700                UART4_Handler
                0x00403700                PWM1_Handler
                0x00403700                USART1_Handler
                0x00403700                PWM0_Handler
                0x00403700                AFEC0_Handler
                0x00403700                CCW_Handler
                0x00403700                TC11_Handler
                0x00403700                SSC_Handler
                0x00403700                ACC_Handler
                0x00403700                PMC_Handler
                0x00403700                GMAC_Handler
                0x00403700                MCAN0_INT1_Handler
                0x00403700                GMAC_Q5_Handler
                0x00403700                MemManage_Handler
                0x00403700                SUPC_Handler
                0x00403700                SVC_Handler
                0x00403700                TC8_Handler
                0x00403700                MCAN1_INT0_Handler
                0x00403700                EFC_Handler
                0x00403700                GMAC_Q1_Handler
                0x00403700                USART2_Handler
                0x00403700                SDRAMC_Handler
                0x00403700                GMAC_Q2_Handler
                0x00403700                SPI1_Handler
                0x00403700                TC10_Handler
                0x00403700                GMAC_Q3_Handler
                0x00403700                TWIHS2_Handler
                0x00403700                I2SC0_Handler
                0x00403700                UART0_Handler
                0x00403700                I2SC1_Handler
                0x00403700                GMAC_Q4_Handler
                0x00403700                FPU_Handler
                0x00403700                BusFault_Handler
                0x00403700                RSTC_Handler
                0x00403700                TC0_Handler
                0x00403700                TC5_Handler
                0x00403700                AES_Handler
                0x00403700                ICM_Handler
                0x00403700                TWIHS0_Handler
                0x00403700                SPI0_Handler
 *fill*         0x00403706        0x2 
 .text.SystemCoreClockUpdate
                0x00403708      0x168 src/ASF/sam/utils/cmsis/same70/source/templates/system_same70.o
                0x00403708                SystemCoreClockUpdate
 .text.system_init_flash
                0x00403870       0xb0 src/ASF/sam/utils/cmsis/same70/source/templates/system_same70.o
                0x00403870                system_init_flash
 .text._sbrk    0x00403920       0x58 src/ASF/sam/utils/syscalls/gcc/syscalls.o
                0x00403920                _sbrk
 .text          0x00403978      0x370 c:/program files (x86)/atmel/studio/7.0/toolchain/arm/arm-gnu-toolchain/bin/../lib/gcc/arm-none-eabi/6.3.1/thumb/v7e-m\libgcc.a(_arm_addsubdf3.o)
                0x00403978                __aeabi_drsub
                0x00403980                __aeabi_dsub
                0x00403980                __subdf3
                0x00403984                __aeabi_dadd
                0x00403984                __adddf3
                0x00403bfc                __floatunsidf
                0x00403bfc                __aeabi_ui2d
                0x00403c1c                __floatsidf
                0x00403c1c                __aeabi_i2d
                0x00403c40                __aeabi_f2d
                0x00403c40                __extendsfdf2
                0x00403c7c                __floatundidf
                0x00403c7c                __aeabi_ul2d
                0x00403c8c                __floatdidf
                0x00403c8c                __aeabi_l2d
 .text          0x00403ce8      0x424 c:/program files (x86)/atmel/studio/7.0/toolchain/arm/arm-gnu-toolchain/bin/../lib/gcc/arm-none-eabi/6.3.1/thumb/v7e-m\libgcc.a(_arm_muldivdf3.o)
                0x00403ce8                __aeabi_dmul
                0x00403ce8                __muldf3
                0x00403f3c                __divdf3
                0x00403f3c                __aeabi_ddiv
 .text          0x0040410c      0x110 c:/program files (x86)/atmel/studio/7.0/toolchain/arm/arm-gnu-toolchain/bin/../lib/gcc/arm-none-eabi/6.3.1/thumb/v7e-m\libgcc.a(_arm_cmpdf2.o)
                0x0040410c                __gtdf2
                0x0040410c                __gedf2
                0x00404114                __ltdf2
                0x00404114                __ledf2
                0x0040411c                __nedf2
                0x0040411c                __eqdf2
                0x0040411c                __cmpdf2
                0x00404198                __aeabi_cdrcmple
                0x004041a8                __aeabi_cdcmpeq
                0x004041a8                __aeabi_cdcmple
                0x004041b8                __aeabi_dcmpeq
                0x004041cc                __aeabi_dcmplt
                0x004041e0                __aeabi_dcmple
                0x004041f4                __aeabi_dcmpge
                0x00404208                __aeabi_dcmpgt
 .text          0x0040421c       0xa0 c:/program files (x86)/atmel/studio/7.0/toolchain/arm/arm-gnu-toolchain/bin/../lib/gcc/arm-none-eabi/6.3.1/thumb/v7e-m\libgcc.a(_arm_truncdfsf2.o)
                0x0040421c                __truncdfsf2
                0x0040421c                __aeabi_d2f
 .text.__libc_init_array
                0x004042bc       0x50 c:/program files (x86)/atmel/studio/7.0/toolchain/arm/arm-gnu-toolchain/bin/../lib/gcc/arm-none-eabi/6.3.1/../../../../arm-none-eabi/lib/thumb/v7e-m\libc.a(lib_a-init.o)
                0x004042bc                __libc_init_array
 .text.memset   0x0040430c       0x9c c:/program files (x86)/atmel/studio/7.0/toolchain/arm/arm-gnu-toolchain/bin/../lib/gcc/arm-none-eabi/6.3.1/../../../../arm-none-eabi/lib/thumb/v7e-m\libc.a(lib_a-memset.o)
                0x0040430c                memset
 .text.sprintf  0x004043a8       0x4c c:/program files (x86)/atmel/studio/7.0/toolchain/arm/arm-gnu-toolchain/bin/../lib/gcc/arm-none-eabi/6.3.1/../../../../arm-none-eabi/lib/thumb/v7e-m\libc.a(lib_a-sprintf.o)
                0x004043a8                sprintf
 .text._svfprintf_r
                0x004043f4     0x145c c:/program files (x86)/atmel/studio/7.0/toolchain/arm/arm-gnu-toolchain/bin/../lib/gcc/arm-none-eabi/6.3.1/../../../../arm-none-eabi/lib/thumb/v7e-m\libc.a(lib_a-svfprintf.o)
                0x004043f4                _svfprintf_r
 .text.startup.register_fini
                0x00405850       0x14 c:/program files (x86)/atmel/studio/7.0/toolchain/arm/arm-gnu-toolchain/bin/../lib/gcc/arm-none-eabi/6.3.1/../../../../arm-none-eabi/lib/thumb/v7e-m\libc.a(lib_a-__call_atexit.o)
 .text.atexit   0x00405864        0xc c:/program files (x86)/atmel/studio/7.0/toolchain/arm/arm-gnu-toolchain/bin/../lib/gcc/arm-none-eabi/6.3.1/../../../../arm-none-eabi/lib/thumb/v7e-m\libc.a(lib_a-atexit.o)
                0x00405864                atexit
 .text.quorem   0x00405870      0x128 c:/program files (x86)/atmel/studio/7.0/toolchain/arm/arm-gnu-toolchain/bin/../lib/gcc/arm-none-eabi/6.3.1/../../../../arm-none-eabi/lib/thumb/v7e-m\libc.a(lib_a-dtoa.o)
 .text._dtoa_r  0x00405998      0xe54 c:/program files (x86)/atmel/studio/7.0/toolchain/arm/arm-gnu-toolchain/bin/../lib/gcc/arm-none-eabi/6.3.1/../../../../arm-none-eabi/lib/thumb/v7e-m\libc.a(lib_a-dtoa.o)
                0x00405998                _dtoa_r
 .text.__libc_fini_array
                0x004067ec       0x34 c:/program files (x86)/atmel/studio/7.0/toolchain/arm/arm-gnu-toolchain/bin/../lib/gcc/arm-none-eabi/6.3.1/../../../../arm-none-eabi/lib/thumb/v7e-m\libc.a(lib_a-fini.o)
                0x004067ec                __libc_fini_array
 .text._localeconv_r
                0x00406820       0x1c c:/program files (x86)/atmel/studio/7.0/toolchain/arm/arm-gnu-toolchain/bin/../lib/gcc/arm-none-eabi/6.3.1/../../../../arm-none-eabi/lib/thumb/v7e-m\libc.a(lib_a-localeconv.o)
                0x00406820                _localeconv_r
 .text.__retarget_lock_acquire_recursive
                0x0040683c        0x4 c:/program files (x86)/atmel/studio/7.0/toolchain/arm/arm-gnu-toolchain/bin/../lib/gcc/arm-none-eabi/6.3.1/../../../../arm-none-eabi/lib/thumb/v7e-m\libc.a(lib_a-lock.o)
                0x0040683c                __retarget_lock_acquire_recursive
 .text.__retarget_lock_release_recursive
                0x00406840        0x4 c:/program files (x86)/atmel/studio/7.0/toolchain/arm/arm-gnu-toolchain/bin/../lib/gcc/arm-none-eabi/6.3.1/../../../../arm-none-eabi/lib/thumb/v7e-m\libc.a(lib_a-lock.o)
                0x00406840                __retarget_lock_release_recursive
 .text._malloc_r
                0x00406844      0x560 c:/program files (x86)/atmel/studio/7.0/toolchain/arm/arm-gnu-toolchain/bin/../lib/gcc/arm-none-eabi/6.3.1/../../../../arm-none-eabi/lib/thumb/v7e-m\libc.a(lib_a-mallocr.o)
                0x00406844                _malloc_r
 *fill*         0x00406da4        0xc 
 .text          0x00406db0       0xa0 c:/program files (x86)/atmel/studio/7.0/toolchain/arm/arm-gnu-toolchain/bin/../lib/gcc/arm-none-eabi/6.3.1/../../../../arm-none-eabi/lib/thumb/v7e-m\libc.a(lib_a-memchr.o)
                0x00406db0                memchr
 .text          0x00406e50      0x134 c:/program files (x86)/atmel/studio/7.0/toolchain/arm/arm-gnu-toolchain/bin/../lib/gcc/arm-none-eabi/6.3.1/../../../../arm-none-eabi/lib/thumb/v7e-m\libc.a(lib_a-memcpy.o)
                0x00406e50                memcpy
 .text.__malloc_lock
                0x00406f84        0xc c:/program files (x86)/atmel/studio/7.0/toolchain/arm/arm-gnu-toolchain/bin/../lib/gcc/arm-none-eabi/6.3.1/../../../../arm-none-eabi/lib/thumb/v7e-m\libc.a(lib_a-mlock.o)
                0x00406f84                __malloc_lock
 .text.__malloc_unlock
                0x00406f90        0xc c:/program files (x86)/atmel/studio/7.0/toolchain/arm/arm-gnu-toolchain/bin/../lib/gcc/arm-none-eabi/6.3.1/../../../../arm-none-eabi/lib/thumb/v7e-m\libc.a(lib_a-mlock.o)
                0x00406f90                __malloc_unlock
 .text._Balloc  0x00406f9c       0x4c c:/program files (x86)/atmel/studio/7.0/toolchain/arm/arm-gnu-toolchain/bin/../lib/gcc/arm-none-eabi/6.3.1/../../../../arm-none-eabi/lib/thumb/v7e-m\libc.a(lib_a-mprec.o)
                0x00406f9c                _Balloc
 .text._Bfree   0x00406fe8       0x14 c:/program files (x86)/atmel/studio/7.0/toolchain/arm/arm-gnu-toolchain/bin/../lib/gcc/arm-none-eabi/6.3.1/../../../../arm-none-eabi/lib/thumb/v7e-m\libc.a(lib_a-mprec.o)
                0x00406fe8                _Bfree
 .text.__multadd
                0x00406ffc       0x80 c:/program files (x86)/atmel/studio/7.0/toolchain/arm/arm-gnu-toolchain/bin/../lib/gcc/arm-none-eabi/6.3.1/../../../../arm-none-eabi/lib/thumb/v7e-m\libc.a(lib_a-mprec.o)
                0x00406ffc                __multadd
 .text.__hi0bits
                0x0040707c       0x40 c:/program files (x86)/atmel/studio/7.0/toolchain/arm/arm-gnu-toolchain/bin/../lib/gcc/arm-none-eabi/6.3.1/../../../../arm-none-eabi/lib/thumb/v7e-m\libc.a(lib_a-mprec.o)
                0x0040707c                __hi0bits
 .text.__lo0bits
                0x004070bc       0x60 c:/program files (x86)/atmel/studio/7.0/toolchain/arm/arm-gnu-toolchain/bin/../lib/gcc/arm-none-eabi/6.3.1/../../../../arm-none-eabi/lib/thumb/v7e-m\libc.a(lib_a-mprec.o)
                0x004070bc                __lo0bits
 .text.__i2b    0x0040711c       0x14 c:/program files (x86)/atmel/studio/7.0/toolchain/arm/arm-gnu-toolchain/bin/../lib/gcc/arm-none-eabi/6.3.1/../../../../arm-none-eabi/lib/thumb/v7e-m\libc.a(lib_a-mprec.o)
                0x0040711c                __i2b
 .text.__multiply
                0x00407130      0x124 c:/program files (x86)/atmel/studio/7.0/toolchain/arm/arm-gnu-toolchain/bin/../lib/gcc/arm-none-eabi/6.3.1/../../../../arm-none-eabi/lib/thumb/v7e-m\libc.a(lib_a-mprec.o)
                0x00407130                __multiply
 .text.__pow5mult
                0x00407254       0xa0 c:/program files (x86)/atmel/studio/7.0/toolchain/arm/arm-gnu-toolchain/bin/../lib/gcc/arm-none-eabi/6.3.1/../../../../arm-none-eabi/lib/thumb/v7e-m\libc.a(lib_a-mprec.o)
                0x00407254                __pow5mult
 .text.__lshift
                0x004072f4       0xa4 c:/program files (x86)/atmel/studio/7.0/toolchain/arm/arm-gnu-toolchain/bin/../lib/gcc/arm-none-eabi/6.3.1/../../../../arm-none-eabi/lib/thumb/v7e-m\libc.a(lib_a-mprec.o)
                0x004072f4                __lshift
 .text.__mcmp   0x00407398       0x38 c:/program files (x86)/atmel/studio/7.0/toolchain/arm/arm-gnu-toolchain/bin/../lib/gcc/arm-none-eabi/6.3.1/../../../../arm-none-eabi/lib/thumb/v7e-m\libc.a(lib_a-mprec.o)
                0x00407398                __mcmp
 .text.__mdiff  0x004073d0      0x108 c:/program files (x86)/atmel/studio/7.0/toolchain/arm/arm-gnu-toolchain/bin/../lib/gcc/arm-none-eabi/6.3.1/../../../../arm-none-eabi/lib/thumb/v7e-m\libc.a(lib_a-mprec.o)
                0x004073d0                __mdiff
 .text.__d2b    0x004074d8       0xb8 c:/program files (x86)/atmel/studio/7.0/toolchain/arm/arm-gnu-toolchain/bin/../lib/gcc/arm-none-eabi/6.3.1/../../../../arm-none-eabi/lib/thumb/v7e-m\libc.a(lib_a-mprec.o)
                0x004074d8                __d2b
 .text._sbrk_r  0x00407590       0x24 c:/program files (x86)/atmel/studio/7.0/toolchain/arm/arm-gnu-toolchain/bin/../lib/gcc/arm-none-eabi/6.3.1/../../../../arm-none-eabi/lib/thumb/v7e-m\libc.a(lib_a-sbrkr.o)
                0x00407590                _sbrk_r
 *fill*         0x004075b4        0xc 
 .text          0x004075c0       0xdc c:/program files (x86)/atmel/studio/7.0/toolchain/arm/arm-gnu-toolchain/bin/../lib/gcc/arm-none-eabi/6.3.1/../../../../arm-none-eabi/lib/thumb/v7e-m\libc.a(lib_a-strlen.o)
                0x004075c0                strlen
 .text.__ssprint_r
                0x0040769c       0xfc c:/program files (x86)/atmel/studio/7.0/toolchain/arm/arm-gnu-toolchain/bin/../lib/gcc/arm-none-eabi/6.3.1/../../../../arm-none-eabi/lib/thumb/v7e-m\libc.a(lib_a-svfiprintf.o)
                0x0040769c                __ssprint_r
 .text.__register_exitproc
                0x00407798       0xc4 c:/program files (x86)/atmel/studio/7.0/toolchain/arm/arm-gnu-toolchain/bin/../lib/gcc/arm-none-eabi/6.3.1/../../../../arm-none-eabi/lib/thumb/v7e-m\libc.a(lib_a-__atexit.o)
                0x00407798                __register_exitproc
 .text._calloc_r
                0x0040785c       0x60 c:/program files (x86)/atmel/studio/7.0/toolchain/arm/arm-gnu-toolchain/bin/../lib/gcc/arm-none-eabi/6.3.1/../../../../arm-none-eabi/lib/thumb/v7e-m\libc.a(lib_a-callocr.o)
                0x0040785c                _calloc_r
 .text._malloc_trim_r
                0x004078bc       0xa0 c:/program files (x86)/atmel/studio/7.0/toolchain/arm/arm-gnu-toolchain/bin/../lib/gcc/arm-none-eabi/6.3.1/../../../../arm-none-eabi/lib/thumb/v7e-m\libc.a(lib_a-freer.o)
                0x004078bc                _malloc_trim_r
 .text._free_r  0x0040795c      0x1cc c:/program files (x86)/atmel/studio/7.0/toolchain/arm/arm-gnu-toolchain/bin/../lib/gcc/arm-none-eabi/6.3.1/../../../../arm-none-eabi/lib/thumb/v7e-m\libc.a(lib_a-freer.o)
                0x0040795c                _free_r
 .text.__ascii_mbtowc
                0x00407b28       0x2c c:/program files (x86)/atmel/studio/7.0/toolchain/arm/arm-gnu-toolchain/bin/../lib/gcc/arm-none-eabi/6.3.1/../../../../arm-none-eabi/lib/thumb/v7e-m\libc.a(lib_a-mbtowc_r.o)
                0x00407b28                __ascii_mbtowc
 .text.memmove  0x00407b54       0xc8 c:/program files (x86)/atmel/studio/7.0/toolchain/arm/arm-gnu-toolchain/bin/../lib/gcc/arm-none-eabi/6.3.1/../../../../arm-none-eabi/lib/thumb/v7e-m\libc.a(lib_a-memmove.o)
                0x00407b54                memmove
 .text._realloc_r
                0x00407c1c      0x34c c:/program files (x86)/atmel/studio/7.0/toolchain/arm/arm-gnu-toolchain/bin/../lib/gcc/arm-none-eabi/6.3.1/../../../../arm-none-eabi/lib/thumb/v7e-m\libc.a(lib_a-reallocr.o)
                0x00407c1c                _realloc_r
 .text.__ascii_wctomb
                0x00407f68       0x1c c:/program files (x86)/atmel/studio/7.0/toolchain/arm/arm-gnu-toolchain/bin/../lib/gcc/arm-none-eabi/6.3.1/../../../../arm-none-eabi/lib/thumb/v7e-m\libc.a(lib_a-wctomb_r.o)
                0x00407f68                __ascii_wctomb
 .text          0x00407f84       0x2c c:/program files (x86)/atmel/studio/7.0/toolchain/arm/arm-gnu-toolchain/bin/../lib/gcc/arm-none-eabi/6.3.1/thumb/v7e-m\libgcc.a(_arm_unorddf2.o)
                0x00407f84                __unorddf2
                0x00407f84                __aeabi_dcmpun
 .text          0x00407fb0       0x50 c:/program files (x86)/atmel/studio/7.0/toolchain/arm/arm-gnu-toolchain/bin/../lib/gcc/arm-none-eabi/6.3.1/thumb/v7e-m\libgcc.a(_arm_fixdfsi.o)
                0x00407fb0                __aeabi_d2iz
                0x00407fb0                __fixdfsi
 .text          0x00408000       0x30 c:/program files (x86)/atmel/studio/7.0/toolchain/arm/arm-gnu-toolchain/bin/../lib/gcc/arm-none-eabi/6.3.1/thumb/v7e-m\libgcc.a(_aeabi_uldivmod.o)
                0x00408000                __aeabi_uldivmod
 .text          0x00408030      0x2dc c:/program files (x86)/atmel/studio/7.0/toolchain/arm/arm-gnu-toolchain/bin/../lib/gcc/arm-none-eabi/6.3.1/thumb/v7e-m\libgcc.a(_udivmoddi4.o)
                0x00408030                __udivmoddi4
 .text          0x0040830c        0x4 c:/program files (x86)/atmel/studio/7.0/toolchain/arm/arm-gnu-toolchain/bin/../lib/gcc/arm-none-eabi/6.3.1/thumb/v7e-m\libgcc.a(_dvmd_tls.o)
                0x0040830c                __aeabi_idiv0
                0x0040830c                __aeabi_ldiv0
 *(.glue_7t)
 .glue_7t       0x00408310        0x0 linker stubs
 *(.glue_7)
 .glue_7        0x00408310        0x0 linker stubs
 *(.rodata .rodata* .gnu.linkonce.r.*)
 .rodata.image_data_sourcecodepro_28_0x41
                0x00408310      0x138 src/main.o
 .rodata.sourcecodepro_28_0x41
                0x00408448       0x10 src/main.o
 .rodata.image_data_sourcecodepro_28_0x42
                0x00408458      0x138 src/main.o
 .rodata.sourcecodepro_28_0x42
                0x00408590       0x10 src/main.o
 .rodata.image_data_sourcecodepro_28_0x43
                0x004085a0      0x15f src/main.o
 *fill*         0x004086ff        0x1 
 .rodata.sourcecodepro_28_0x43
                0x00408700       0x10 src/main.o
 .rodata.image_data_sourcecodepro_28_0x44
                0x00408710      0x186 src/main.o
 *fill*         0x00408896        0x2 
 .rodata.sourcecodepro_28_0x44
                0x00408898       0x10 src/main.o
 .rodata.image_data_sourcecodepro_28_0x45
                0x004088a8      0x138 src/main.o
 .rodata.sourcecodepro_28_0x45
                0x004089e0       0x10 src/main.o
 .rodata.image_data_sourcecodepro_28_0x46
                0x004089f0      0x111 src/main.o
 *fill*         0x00408b01        0x3 
 .rodata.sourcecodepro_28_0x46
                0x00408b04       0x10 src/main.o
 .rodata.image_data_sourcecodepro_28_0x47
                0x00408b14      0x15f src/main.o
 *fill*         0x00408c73        0x1 
 .rodata.sourcecodepro_28_0x47
                0x00408c74       0x10 src/main.o
 .rodata.image_data_sourcecodepro_28_0x48
                0x00408c84      0x15f src/main.o
 *fill*         0x00408de3        0x1 
 .rodata.sourcecodepro_28_0x48
                0x00408de4       0x10 src/main.o
 .rodata.image_data_sourcecodepro_28_0x49
                0x00408df4       0x9c src/main.o
 .rodata.sourcecodepro_28_0x49
                0x00408e90       0x10 src/main.o
 .rodata.image_data_sourcecodepro_28_0x4a
                0x00408ea0       0xea src/main.o
 *fill*         0x00408f8a        0x2 
 .rodata.sourcecodepro_28_0x4a
                0x00408f8c       0x10 src/main.o
 .rodata.image_data_sourcecodepro_28_0x4b
                0x00408f9c      0x138 src/main.o
 .rodata.sourcecodepro_28_0x4b
                0x004090d4       0x10 src/main.o
 .rodata.image_data_sourcecodepro_28_0x4c
                0x004090e4      0x111 src/main.o
 *fill*         0x004091f5        0x3 
 .rodata.sourcecodepro_28_0x4c
                0x004091f8       0x10 src/main.o
 .rodata.image_data_sourcecodepro_28_0x4d
                0x00409208      0x186 src/main.o
 *fill*         0x0040938e        0x2 
 .rodata.sourcecodepro_28_0x4d
                0x00409390       0x10 src/main.o
 .rodata.image_data_sourcecodepro_28_0x4e
                0x004093a0      0x15f src/main.o
 *fill*         0x004094ff        0x1 
 .rodata.sourcecodepro_28_0x4e
                0x00409500       0x10 src/main.o
 .rodata.image_data_sourcecodepro_28_0x4f
                0x00409510      0x186 src/main.o
 *fill*         0x00409696        0x2 
 .rodata.sourcecodepro_28_0x4f
                0x00409698       0x10 src/main.o
 .rodata.image_data_sourcecodepro_28_0x50
                0x004096a8      0x138 src/main.o
 .rodata.sourcecodepro_28_0x50
                0x004097e0       0x10 src/main.o
 .rodata.image_data_sourcecodepro_28_0x51
                0x004097f0      0x186 src/main.o
 *fill*         0x00409976        0x2 
 .rodata.sourcecodepro_28_0x51
                0x00409978       0x10 src/main.o
 .rodata.image_data_sourcecodepro_28_0x52
                0x00409988      0x15f src/main.o
 *fill*         0x00409ae7        0x1 
 .rodata.sourcecodepro_28_0x52
                0x00409ae8       0x10 src/main.o
 .rodata.image_data_sourcecodepro_28_0x53
                0x00409af8      0x138 src/main.o
 .rodata.sourcecodepro_28_0x53
                0x00409c30       0x10 src/main.o
 .rodata.image_data_sourcecodepro_28_0x54
                0x00409c40      0x138 src/main.o
 .rodata.sourcecodepro_28_0x54
                0x00409d78       0x10 src/main.o
 .rodata.image_data_sourcecodepro_28_0x55
                0x00409d88      0x15f src/main.o
 *fill*         0x00409ee7        0x1 
 .rodata.sourcecodepro_28_0x55
                0x00409ee8       0x10 src/main.o
 .rodata.image_data_sourcecodepro_28_0x56
                0x00409ef8      0x138 src/main.o
 .rodata.sourcecodepro_28_0x56
                0x0040a030       0x10 src/main.o
 .rodata.image_data_sourcecodepro_28_0x57
                0x0040a040      0x222 src/main.o
 *fill*         0x0040a262        0x2 
 .rodata.sourcecodepro_28_0x57
                0x0040a264       0x10 src/main.o
 .rodata.image_data_sourcecodepro_28_0x58
                0x0040a274      0x138 src/main.o
 .rodata.sourcecodepro_28_0x58
                0x0040a3ac       0x10 src/main.o
 .rodata.image_data_sourcecodepro_28_0x59
                0x0040a3bc      0x138 src/main.o
 .rodata.sourcecodepro_28_0x59
                0x0040a4f4       0x10 src/main.o
 .rodata.image_data_sourcecodepro_28_0x5a
                0x0040a504      0x138 src/main.o
 .rodata.sourcecodepro_28_0x5a
                0x0040a63c       0x10 src/main.o
 .rodata.sourcecodepro_28_array
                0x0040a64c       0xd0 src/main.o
 .rodata.sourcecodepro_28
                0x0040a71c        0xc src/main.o
                0x0040a71c                sourcecodepro_28
 .rodata.image_data_calibri_36_0x20
                0x0040a728      0x378 src/main.o
 .rodata.calibri_36_0x20
                0x0040aaa0       0x10 src/main.o
 .rodata.image_data_calibri_36_0x21
                0x0040aab0      0x534 src/main.o
 .rodata.calibri_36_0x21
                0x0040afe4       0x10 src/main.o
 .rodata.image_data_calibri_36_0x22
                0x0040aff4      0x612 src/main.o
 *fill*         0x0040b606        0x2 
 .rodata.calibri_36_0x22
                0x0040b608       0x10 src/main.o
 .rodata.image_data_calibri_36_0x23
                0x0040b618      0x7ce src/main.o
 *fill*         0x0040bde6        0x2 
 .rodata.calibri_36_0x23
                0x0040bde8       0x10 src/main.o
 .rodata.image_data_calibri_36_0x24
                0x0040bdf8      0x7ce src/main.o
 *fill*         0x0040c5c6        0x2 
 .rodata.calibri_36_0x24
                0x0040c5c8       0x10 src/main.o
 .rodata.image_data_calibri_36_0x25
                0x0040c5d8      0xb46 src/main.o
 *fill*         0x0040d11e        0x2 
 .rodata.calibri_36_0x25
                0x0040d120       0x10 src/main.o
 .rodata.image_data_calibri_36_0x26
                0x0040d130      0xad7 src/main.o
 *fill*         0x0040dc07        0x1 
 .rodata.calibri_36_0x26
                0x0040dc08       0x10 src/main.o
 .rodata.image_data_calibri_36_0x27
                0x0040dc18      0x378 src/main.o
 .rodata.calibri_36_0x27
                0x0040df90       0x10 src/main.o
 .rodata.image_data_calibri_36_0x28
                0x0040dfa0      0x4c5 src/main.o
 *fill*         0x0040e465        0x3 
 .rodata.calibri_36_0x28
                0x0040e468       0x10 src/main.o
 .rodata.image_data_calibri_36_0x29
                0x0040e478      0x4c5 src/main.o
 *fill*         0x0040e93d        0x3 
 .rodata.calibri_36_0x29
                0x0040e940       0x10 src/main.o
 .rodata.image_data_calibri_36_0x2a
                0x0040e950      0x7ce src/main.o
 *fill*         0x0040f11e        0x2 
 .rodata.calibri_36_0x2a
                0x0040f120       0x10 src/main.o
 .rodata.image_data_calibri_36_0x2b
                0x0040f130      0x7ce src/main.o
 *fill*         0x0040f8fe        0x2 
 .rodata.calibri_36_0x2b
                0x0040f900       0x10 src/main.o
 .rodata.image_data_calibri_36_0x2c
                0x0040f910      0x3e7 src/main.o
 *fill*         0x0040fcf7        0x1 
 .rodata.calibri_36_0x2c
                0x0040fcf8       0x10 src/main.o
 .rodata.image_data_calibri_36_0x2d
                0x0040fd08      0x4c5 src/main.o
 *fill*         0x004101cd        0x3 
 .rodata.calibri_36_0x2d
                0x004101d0       0x10 src/main.o
 .rodata.image_data_calibri_36_0x2e
                0x004101e0      0x3e7 src/main.o
 *fill*         0x004105c7        0x1 
 .rodata.calibri_36_0x2e
                0x004105c8       0x10 src/main.o
 .rodata.image_data_calibri_36_0x2f
                0x004105d8      0x612 src/main.o
 *fill*         0x00410bea        0x2 
 .rodata.calibri_36_0x2f
                0x00410bec       0x10 src/main.o
 .rodata.image_data_calibri_36_0x30
                0x00410bfc      0x7ce src/main.o
 *fill*         0x004113ca        0x2 
 .rodata.calibri_36_0x30
                0x004113cc       0x10 src/main.o
 .rodata.image_data_calibri_36_0x31
                0x004113dc      0x7ce src/main.o
 *fill*         0x00411baa        0x2 
 .rodata.calibri_36_0x31
                0x00411bac       0x10 src/main.o
 .rodata.image_data_calibri_36_0x32
                0x00411bbc      0x7ce src/main.o
 *fill*         0x0041238a        0x2 
 .rodata.calibri_36_0x32
                0x0041238c       0x10 src/main.o
 .rodata.image_data_calibri_36_0x33
                0x0041239c      0x7ce src/main.o
 *fill*         0x00412b6a        0x2 
 .rodata.calibri_36_0x33
                0x00412b6c       0x10 src/main.o
 .rodata.image_data_calibri_36_0x34
                0x00412b7c      0x7ce src/main.o
 *fill*         0x0041334a        0x2 
 .rodata.calibri_36_0x34
                0x0041334c       0x10 src/main.o
 .rodata.image_data_calibri_36_0x35
                0x0041335c      0x7ce src/main.o
 *fill*         0x00413b2a        0x2 
 .rodata.calibri_36_0x35
                0x00413b2c       0x10 src/main.o
 .rodata.image_data_calibri_36_0x36
                0x00413b3c      0x7ce src/main.o
 *fill*         0x0041430a        0x2 
 .rodata.calibri_36_0x36
                0x0041430c       0x10 src/main.o
 .rodata.image_data_calibri_36_0x37
                0x0041431c      0x7ce src/main.o
 *fill*         0x00414aea        0x2 
 .rodata.calibri_36_0x37
                0x00414aec       0x10 src/main.o
 .rodata.image_data_calibri_36_0x38
                0x00414afc      0x7ce src/main.o
 *fill*         0x004152ca        0x2 
 .rodata.calibri_36_0x38
                0x004152cc       0x10 src/main.o
 .rodata.image_data_calibri_36_0x39
                0x004152dc      0x7ce src/main.o
 *fill*         0x00415aaa        0x2 
 .rodata.calibri_36_0x39
                0x00415aac       0x10 src/main.o
 .rodata.image_data_calibri_36_0x3a
                0x00415abc      0x456 src/main.o
 *fill*         0x00415f12        0x2 
 .rodata.calibri_36_0x3a
                0x00415f14       0x10 src/main.o
 .rodata.image_data_calibri_36_0x3b
                0x00415f24      0x456 src/main.o
 *fill*         0x0041637a        0x2 
 .rodata.calibri_36_0x3b
                0x0041637c       0x10 src/main.o
 .rodata.image_data_calibri_36_0x3c
                0x0041638c      0x7ce src/main.o
 *fill*         0x00416b5a        0x2 
 .rodata.calibri_36_0x3c
                0x00416b5c       0x10 src/main.o
 .rodata.image_data_calibri_36_0x3d
                0x00416b6c      0x7ce src/main.o
 *fill*         0x0041733a        0x2 
 .rodata.calibri_36_0x3d
                0x0041733c       0x10 src/main.o
 .rodata.image_data_calibri_36_0x3e
                0x0041734c      0x7ce src/main.o
 *fill*         0x00417b1a        0x2 
 .rodata.calibri_36_0x3e
                0x00417b1c       0x10 src/main.o
 .rodata.image_data_calibri_36_0x3f
                0x00417b2c      0x75f src/main.o
 *fill*         0x0041828b        0x1 
 .rodata.calibri_36_0x3f
                0x0041828c       0x10 src/main.o
 .rodata.image_data_calibri_36_0x40
                0x0041829c      0xde0 src/main.o
 .rodata.calibri_36_0x40
                0x0041907c       0x10 src/main.o
 .rodata.image_data_calibri_36_0x41
                0x0041908c      0x91b src/main.o
 *fill*         0x004199a7        0x1 
 .rodata.calibri_36_0x41
                0x004199a8       0x10 src/main.o
 .rodata.image_data_calibri_36_0x42
                0x004199b8      0x8ac src/main.o
 .rodata.calibri_36_0x42
                0x0041a264       0x10 src/main.o
 .rodata.image_data_calibri_36_0x43
                0x0041a274      0x83d src/main.o
 *fill*         0x0041aab1        0x3 
 .rodata.calibri_36_0x43
                0x0041aab4       0x10 src/main.o
 .rodata.image_data_calibri_36_0x44
                0x0041aac4      0x98a src/main.o
 *fill*         0x0041b44e        0x2 
 .rodata.calibri_36_0x44
                0x0041b450       0x10 src/main.o
 .rodata.image_data_calibri_36_0x45
                0x0041b460      0x7ce src/main.o
 *fill*         0x0041bc2e        0x2 
 .rodata.calibri_36_0x45
                0x0041bc30       0x10 src/main.o
 .rodata.image_data_calibri_36_0x46
                0x0041bc40      0x75f src/main.o
 *fill*         0x0041c39f        0x1 
 .rodata.calibri_36_0x46
                0x0041c3a0       0x10 src/main.o
 .rodata.image_data_calibri_36_0x47
                0x0041c3b0      0x9f9 src/main.o
 *fill*         0x0041cda9        0x3 
 .rodata.calibri_36_0x47
                0x0041cdac       0x10 src/main.o
 .rodata.image_data_calibri_36_0x48
                0x0041cdbc      0x98a src/main.o
 *fill*         0x0041d746        0x2 
 .rodata.calibri_36_0x48
                0x0041d748       0x10 src/main.o
 .rodata.image_data_calibri_36_0x49
                0x0041d758      0x3e7 src/main.o
 *fill*         0x0041db3f        0x1 
 .rodata.calibri_36_0x49
                0x0041db40       0x10 src/main.o
 .rodata.image_data_calibri_36_0x4a
                0x0041db50      0x4c5 src/main.o
 *fill*         0x0041e015        0x3 
 .rodata.calibri_36_0x4a
                0x0041e018       0x10 src/main.o
 .rodata.image_data_calibri_36_0x4b
                0x0041e028      0x83d src/main.o
 *fill*         0x0041e865        0x3 
 .rodata.calibri_36_0x4b
                0x0041e868       0x10 src/main.o
 .rodata.image_data_calibri_36_0x4c
                0x0041e878      0x681 src/main.o
 *fill*         0x0041eef9        0x3 
 .rodata.calibri_36_0x4c
                0x0041eefc       0x10 src/main.o
 .rodata.image_data_calibri_36_0x4d
                0x0041ef0c      0xd71 src/main.o
 *fill*         0x0041fc7d        0x3 
 .rodata.calibri_36_0x4d
                0x0041fc80       0x10 src/main.o
 .rodata.image_data_calibri_36_0x4e
                0x0041fc90      0x9f9 src/main.o
 *fill*         0x00420689        0x3 
 .rodata.calibri_36_0x4e
                0x0042068c       0x10 src/main.o
 .rodata.image_data_calibri_36_0x4f
                0x0042069c      0xa68 src/main.o
 .rodata.calibri_36_0x4f
                0x00421104       0x10 src/main.o
 .rodata.image_data_calibri_36_0x50
                0x00421114      0x83d src/main.o
 *fill*         0x00421951        0x3 
 .rodata.calibri_36_0x50
                0x00421954       0x10 src/main.o
 .rodata.image_data_calibri_36_0x51
                0x00421964      0xad7 src/main.o
 *fill*         0x0042243b        0x1 
 .rodata.calibri_36_0x51
                0x0042243c       0x10 src/main.o
 .rodata.image_data_calibri_36_0x52
                0x0042244c      0x8ac src/main.o
 .rodata.calibri_36_0x52
                0x00422cf8       0x10 src/main.o
 .rodata.image_data_calibri_36_0x53
                0x00422d08      0x75f src/main.o
 *fill*         0x00423467        0x1 
 .rodata.calibri_36_0x53
                0x00423468       0x10 src/main.o
 .rodata.image_data_calibri_36_0x54
                0x00423478      0x7ce src/main.o
 *fill*         0x00423c46        0x2 
 .rodata.calibri_36_0x54
                0x00423c48       0x10 src/main.o
 .rodata.image_data_calibri_36_0x55
                0x00423c58      0x9f9 src/main.o
 *fill*         0x00424651        0x3 
 .rodata.calibri_36_0x55
                0x00424654       0x10 src/main.o
 .rodata.image_data_calibri_36_0x56
                0x00424664      0x8ac src/main.o
 .rodata.calibri_36_0x56
                0x00424f10       0x10 src/main.o
 .rodata.image_data_calibri_36_0x57
                0x00424f20      0xde0 src/main.o
 .rodata.calibri_36_0x57
                0x00425d00       0x10 src/main.o
 .rodata.image_data_calibri_36_0x58
                0x00425d10      0x83d src/main.o
 *fill*         0x0042654d        0x3 
 .rodata.calibri_36_0x58
                0x00426550       0x10 src/main.o
 .rodata.image_data_calibri_36_0x59
                0x00426560      0x7ce src/main.o
 *fill*         0x00426d2e        0x2 
 .rodata.calibri_36_0x59
                0x00426d30       0x10 src/main.o
 .rodata.image_data_calibri_36_0x5a
                0x00426d40      0x75f src/main.o
 *fill*         0x0042749f        0x1 
 .rodata.calibri_36_0x5a
                0x004274a0       0x10 src/main.o
 .rodata.image_data_calibri_36_0x5b
                0x004274b0      0x4c5 src/main.o
 *fill*         0x00427975        0x3 
 .rodata.calibri_36_0x5b
                0x00427978       0x10 src/main.o
 .rodata.image_data_calibri_36_0x5c
                0x00427988      0x612 src/main.o
 *fill*         0x00427f9a        0x2 
 .rodata.calibri_36_0x5c
                0x00427f9c       0x10 src/main.o
 .rodata.image_data_calibri_36_0x5d
                0x00427fac      0x4c5 src/main.o
 *fill*         0x00428471        0x3 
 .rodata.calibri_36_0x5d
                0x00428474       0x10 src/main.o
 .rodata.image_data_calibri_36_0x5e
                0x00428484      0x7ce src/main.o
 *fill*         0x00428c52        0x2 
 .rodata.calibri_36_0x5e
                0x00428c54       0x10 src/main.o
 .rodata.image_data_calibri_36_0x5f
                0x00428c64      0x7ce src/main.o
 *fill*         0x00429432        0x2 
 .rodata.calibri_36_0x5f
                0x00429434       0x10 src/main.o
 .rodata.image_data_calibri_36_0x60
                0x00429444      0x456 src/main.o
 *fill*         0x0042989a        0x2 
 .rodata.calibri_36_0x60
                0x0042989c       0x10 src/main.o
 .rodata.image_data_calibri_36_0x61
                0x004298ac      0x75f src/main.o
 *fill*         0x0042a00b        0x1 
 .rodata.calibri_36_0x61
                0x0042a00c       0x10 src/main.o
 .rodata.image_data_calibri_36_0x62
                0x0042a01c      0x83d src/main.o
 *fill*         0x0042a859        0x3 
 .rodata.calibri_36_0x62
                0x0042a85c       0x10 src/main.o
 .rodata.image_data_calibri_36_0x63
                0x0042a86c      0x681 src/main.o
 *fill*         0x0042aeed        0x3 
 .rodata.calibri_36_0x63
                0x0042aef0       0x10 src/main.o
 .rodata.image_data_calibri_36_0x64
                0x0042af00      0x83d src/main.o
 *fill*         0x0042b73d        0x3 
 .rodata.calibri_36_0x64
                0x0042b740       0x10 src/main.o
 .rodata.image_data_calibri_36_0x65
                0x0042b750      0x7ce src/main.o
 *fill*         0x0042bf1e        0x2 
 .rodata.calibri_36_0x65
                0x0042bf20       0x10 src/main.o
 .rodata.image_data_calibri_36_0x66
                0x0042bf30      0x4c5 src/main.o
 *fill*         0x0042c3f5        0x3 
 .rodata.calibri_36_0x66
                0x0042c3f8       0x10 src/main.o
 .rodata.image_data_calibri_36_0x67
                0x0042c408      0x75f src/main.o
 *fill*         0x0042cb67        0x1 
 .rodata.calibri_36_0x67
                0x0042cb68       0x10 src/main.o
 .rodata.image_data_calibri_36_0x68
                0x0042cb78      0x83d src/main.o
 *fill*         0x0042d3b5        0x3 
 .rodata.calibri_36_0x68
                0x0042d3b8       0x10 src/main.o
 .rodata.image_data_calibri_36_0x69
                0x0042d3c8      0x378 src/main.o
 .rodata.calibri_36_0x69
                0x0042d740       0x10 src/main.o
 .rodata.image_data_calibri_36_0x6a
                0x0042d750      0x3e7 src/main.o
 *fill*         0x0042db37        0x1 
 .rodata.calibri_36_0x6a
                0x0042db38       0x10 src/main.o
 .rodata.image_data_calibri_36_0x6b
                0x0042db48      0x6f0 src/main.o
 .rodata.calibri_36_0x6b
                0x0042e238       0x10 src/main.o
 .rodata.image_data_calibri_36_0x6c
                0x0042e248      0x378 src/main.o
 .rodata.calibri_36_0x6c
                0x0042e5c0       0x10 src/main.o
 .rodata.image_data_calibri_36_0x6d
                0x0042e5d0      0xc93 src/main.o
 *fill*         0x0042f263        0x1 
 .rodata.calibri_36_0x6d
                0x0042f264       0x10 src/main.o
 .rodata.image_data_calibri_36_0x6e
                0x0042f274      0x83d src/main.o
 *fill*         0x0042fab1        0x3 
 .rodata.calibri_36_0x6e
                0x0042fab4       0x10 src/main.o
 .rodata.image_data_calibri_36_0x6f
                0x0042fac4      0x83d src/main.o
 *fill*         0x00430301        0x3 
 .rodata.calibri_36_0x6f
                0x00430304       0x10 src/main.o
 .rodata.image_data_calibri_36_0x70
                0x00430314      0x83d src/main.o
 *fill*         0x00430b51        0x3 
 .rodata.calibri_36_0x70
                0x00430b54       0x10 src/main.o
 .rodata.image_data_calibri_36_0x71
                0x00430b64      0x83d src/main.o
 *fill*         0x004313a1        0x3 
 .rodata.calibri_36_0x71
                0x004313a4       0x10 src/main.o
 .rodata.image_data_calibri_36_0x72
                0x004313b4      0x5a3 src/main.o
 *fill*         0x00431957        0x1 
 .rodata.calibri_36_0x72
                0x00431958       0x10 src/main.o
 .rodata.image_data_calibri_36_0x73
                0x00431968      0x612 src/main.o
 *fill*         0x00431f7a        0x2 
 .rodata.calibri_36_0x73
                0x00431f7c       0x10 src/main.o
 .rodata.image_data_calibri_36_0x74
                0x00431f8c      0x534 src/main.o
 .rodata.calibri_36_0x74
                0x004324c0       0x10 src/main.o
 .rodata.image_data_calibri_36_0x75
                0x004324d0      0x83d src/main.o
 *fill*         0x00432d0d        0x3 
 .rodata.calibri_36_0x75
                0x00432d10       0x10 src/main.o
 .rodata.image_data_calibri_36_0x76
                0x00432d20      0x6f0 src/main.o
 .rodata.calibri_36_0x76
                0x00433410       0x10 src/main.o
 .rodata.image_data_calibri_36_0x77
                0x00433420      0xb46 src/main.o
 *fill*         0x00433f66        0x2 
 .rodata.calibri_36_0x77
                0x00433f68       0x10 src/main.o
 .rodata.image_data_calibri_36_0x78
                0x00433f78      0x6f0 src/main.o
 .rodata.calibri_36_0x78
                0x00434668       0x10 src/main.o
 .rodata.image_data_calibri_36_0x79
                0x00434678      0x6f0 src/main.o
 .rodata.calibri_36_0x79
                0x00434d68       0x10 src/main.o
 .rodata.image_data_calibri_36_0x7a
                0x00434d78      0x612 src/main.o
 *fill*         0x0043538a        0x2 
 .rodata.calibri_36_0x7a
                0x0043538c       0x10 src/main.o
 .rodata.image_data_calibri_36_0x7b
                0x0043539c      0x4c5 src/main.o
 *fill*         0x00435861        0x3 
 .rodata.calibri_36_0x7b
                0x00435864       0x10 src/main.o
 .rodata.image_data_calibri_36_0x7c
                0x00435874      0x75f src/main.o
 *fill*         0x00435fd3        0x1 
 .rodata.calibri_36_0x7c
                0x00435fd4       0x10 src/main.o
 .rodata.image_data_calibri_36_0x7d
                0x00435fe4      0x4c5 src/main.o
 *fill*         0x004364a9        0x3 
 .rodata.calibri_36_0x7d
                0x004364ac       0x10 src/main.o
 .rodata.image_data_calibri_36_0x7e
                0x004364bc      0x7ce src/main.o
 *fill*         0x00436c8a        0x2 
 .rodata.calibri_36_0x7e
                0x00436c8c       0x10 src/main.o
 .rodata.calibri_36_array
                0x00436c9c      0x2f8 src/main.o
 .rodata.calibri_36
                0x00436f94        0xc src/main.o
                0x00436f94                calibri_36
 .rodata        0x00436fa0       0x96 src/main.o
 *fill*         0x00437036        0x2 
 .rodata._global_impure_ptr
                0x00437038        0x4 c:/program files (x86)/atmel/studio/7.0/toolchain/arm/arm-gnu-toolchain/bin/../lib/gcc/arm-none-eabi/6.3.1/../../../../arm-none-eabi/lib/thumb/v7e-m\libc.a(lib_a-impure.o)
                0x00437038                _global_impure_ptr
 .rodata._svfprintf_r.str1.4
                0x0043703c       0x42 c:/program files (x86)/atmel/studio/7.0/toolchain/arm/arm-gnu-toolchain/bin/../lib/gcc/arm-none-eabi/6.3.1/../../../../arm-none-eabi/lib/thumb/v7e-m\libc.a(lib_a-svfprintf.o)
 *fill*         0x0043707e        0x2 
 .rodata.blanks.7223
                0x00437080       0x10 c:/program files (x86)/atmel/studio/7.0/toolchain/arm/arm-gnu-toolchain/bin/../lib/gcc/arm-none-eabi/6.3.1/../../../../arm-none-eabi/lib/thumb/v7e-m\libc.a(lib_a-svfprintf.o)
 .rodata.zeroes.7224
                0x00437090       0x10 c:/program files (x86)/atmel/studio/7.0/toolchain/arm/arm-gnu-toolchain/bin/../lib/gcc/arm-none-eabi/6.3.1/../../../../arm-none-eabi/lib/thumb/v7e-m\libc.a(lib_a-svfprintf.o)
 .rodata._dtoa_r.str1.4
                0x004370a0       0x10 c:/program files (x86)/atmel/studio/7.0/toolchain/arm/arm-gnu-toolchain/bin/../lib/gcc/arm-none-eabi/6.3.1/../../../../arm-none-eabi/lib/thumb/v7e-m\libc.a(lib_a-dtoa.o)
                                 0x12 (size before relaxing)
 .rodata.__mprec_bigtens
                0x004370b0       0x28 c:/program files (x86)/atmel/studio/7.0/toolchain/arm/arm-gnu-toolchain/bin/../lib/gcc/arm-none-eabi/6.3.1/../../../../arm-none-eabi/lib/thumb/v7e-m\libc.a(lib_a-mprec.o)
                0x004370b0                __mprec_bigtens
 .rodata.__mprec_tens
                0x004370d8       0xc8 c:/program files (x86)/atmel/studio/7.0/toolchain/arm/arm-gnu-toolchain/bin/../lib/gcc/arm-none-eabi/6.3.1/../../../../arm-none-eabi/lib/thumb/v7e-m\libc.a(lib_a-mprec.o)
                0x004370d8                __mprec_tens
 .rodata.p05.6055
                0x004371a0        0xc c:/program files (x86)/atmel/studio/7.0/toolchain/arm/arm-gnu-toolchain/bin/../lib/gcc/arm-none-eabi/6.3.1/../../../../arm-none-eabi/lib/thumb/v7e-m\libc.a(lib_a-mprec.o)
 .rodata._setlocale_r.str1.4
                0x004371ac        0xa c:/program files (x86)/atmel/studio/7.0/toolchain/arm/arm-gnu-toolchain/bin/../lib/gcc/arm-none-eabi/6.3.1/../../../../arm-none-eabi/lib/thumb/v7e-m\libc.a(lib_a-locale.o)
                                  0xd (size before relaxing)
 *fill*         0x004371b6        0x2 
 .rodata.str1.4
                0x004371b8        0x4 c:/program files (x86)/atmel/studio/7.0/toolchain/arm/arm-gnu-toolchain/bin/../lib/gcc/arm-none-eabi/6.3.1/../../../../arm-none-eabi/lib/thumb/v7e-m\libc.a(lib_a-locale.o)
                                  0x2 (size before relaxing)
 .rodata._ctype_
                0x004371bc      0x101 c:/program files (x86)/atmel/studio/7.0/toolchain/arm/arm-gnu-toolchain/bin/../lib/gcc/arm-none-eabi/6.3.1/../../../../arm-none-eabi/lib/thumb/v7e-m\libc.a(lib_a-ctype_.o)
                0x004371bc                _ctype_
 *(.ARM.extab* .gnu.linkonce.armextab.*)
                0x004372c0                . = ALIGN (0x4)
 *fill*         0x004372bd        0x3 
 *(.init)
 .init          0x004372c0        0x4 c:/program files (x86)/atmel/studio/7.0/toolchain/arm/arm-gnu-toolchain/bin/../lib/gcc/arm-none-eabi/6.3.1/thumb/v7e-m/crti.o
                0x004372c0                _init
 .init          0x004372c4        0x8 c:/program files (x86)/atmel/studio/7.0/toolchain/arm/arm-gnu-toolchain/bin/../lib/gcc/arm-none-eabi/6.3.1/thumb/v7e-m/crtn.o
                0x004372cc                . = ALIGN (0x4)
                0x004372cc                __preinit_array_start = .
 *(.preinit_array)
                0x004372cc                __preinit_array_end = .
                0x004372cc                . = ALIGN (0x4)
                0x004372cc                __init_array_start = .
 *(SORT(.init_array.*))
 .init_array.00000
                0x004372cc        0x4 c:/program files (x86)/atmel/studio/7.0/toolchain/arm/arm-gnu-toolchain/bin/../lib/gcc/arm-none-eabi/6.3.1/../../../../arm-none-eabi/lib/thumb/v7e-m\libc.a(lib_a-__call_atexit.o)
 *(.init_array)
 .init_array    0x004372d0        0x4 c:/program files (x86)/atmel/studio/7.0/toolchain/arm/arm-gnu-toolchain/bin/../lib/gcc/arm-none-eabi/6.3.1/thumb/v7e-m/crtbegin.o
                0x004372d4                __init_array_end = .
                0x004372d4                . = ALIGN (0x4)
 *crtbegin.o(.ctors)
 *(EXCLUDE_FILE(*crtend.o) .ctors)
 *(SORT(.ctors.*))
 *crtend.o(.ctors)
                0x004372d4                . = ALIGN (0x4)
 *(.fini)
 .fini          0x004372d4        0x4 c:/program files (x86)/atmel/studio/7.0/toolchain/arm/arm-gnu-toolchain/bin/../lib/gcc/arm-none-eabi/6.3.1/thumb/v7e-m/crti.o
                0x004372d4                _fini
 .fini          0x004372d8        0x8 c:/program files (x86)/atmel/studio/7.0/toolchain/arm/arm-gnu-toolchain/bin/../lib/gcc/arm-none-eabi/6.3.1/thumb/v7e-m/crtn.o
                0x004372e0                . = ALIGN (0x4)
                0x004372e0                __fini_array_start = .
 *(.fini_array)
 .fini_array    0x004372e0        0x4 c:/program files (x86)/atmel/studio/7.0/toolchain/arm/arm-gnu-toolchain/bin/../lib/gcc/arm-none-eabi/6.3.1/thumb/v7e-m/crtbegin.o
 *(SORT(.fini_array.*))
                0x004372e4                __fini_array_end = .
 *crtbegin.o(.dtors)
 *(EXCLUDE_FILE(*crtend.o) .dtors)
 *(SORT(.dtors.*))
 *crtend.o(.dtors)
                0x004372e4                . = ALIGN (0x4)
                0x004372e4                _efixed = .
                [!provide]                PROVIDE (__exidx_start, .)

.vfp11_veneer   0x004372e4        0x0
 .vfp11_veneer  0x004372e4        0x0 linker stubs

.v4_bx          0x004372e4        0x0
 .v4_bx         0x004372e4        0x0 linker stubs

.iplt           0x004372e4        0x0
 .iplt          0x004372e4        0x0 c:/program files (x86)/atmel/studio/7.0/toolchain/arm/arm-gnu-toolchain/bin/../lib/gcc/arm-none-eabi/6.3.1/thumb/v7e-m/crtbegin.o

.ARM.exidx      0x004372e4        0x8
 *(.ARM.exidx* .gnu.linkonce.armexidx.*)
 .ARM.exidx     0x004372e4        0x8 c:/program files (x86)/atmel/studio/7.0/toolchain/arm/arm-gnu-toolchain/bin/../lib/gcc/arm-none-eabi/6.3.1/thumb/v7e-m\libgcc.a(_udivmoddi4.o)
                [!provide]                PROVIDE (__exidx_end, .)

.eh_frame       0x004372ec        0x0
 .eh_frame      0x004372ec        0x0 c:/program files (x86)/atmel/studio/7.0/toolchain/arm/arm-gnu-toolchain/bin/../lib/gcc/arm-none-eabi/6.3.1/thumb/v7e-m/crtbegin.o

.rel.dyn        0x004372ec        0x0
 .rel.iplt      0x004372ec        0x0 c:/program files (x86)/atmel/studio/7.0/toolchain/arm/arm-gnu-toolchain/bin/../lib/gcc/arm-none-eabi/6.3.1/thumb/v7e-m/crtbegin.o

.jcr            0x004372ec        0x0
 .jcr           0x004372ec        0x0 c:/program files (x86)/atmel/studio/7.0/toolchain/arm/arm-gnu-toolchain/bin/../lib/gcc/arm-none-eabi/6.3.1/thumb/v7e-m/crtbegin.o

.igot.plt       0x004372ec        0x0
 .igot.plt      0x004372ec        0x0 c:/program files (x86)/atmel/studio/7.0/toolchain/arm/arm-gnu-toolchain/bin/../lib/gcc/arm-none-eabi/6.3.1/thumb/v7e-m/crtbegin.o
                0x004372ec                . = ALIGN (0x4)
                0x004372ec                _etext = .

.relocate       0x20400000      0x9f8 load address 0x004372ec
                0x20400000                . = ALIGN (0x4)
                0x20400000                _srelocate = .
 *(.ramfunc .ramfunc.*)
 *(.data .data.*)
 .data.BUT1     0x20400000       0x14 src/main.o
                0x20400000                BUT1
 .data.BUT2     0x20400014       0x14 src/main.o
                0x20400014                BUT2
 .data.BUT3     0x20400028       0x14 src/main.o
                0x20400028                BUT3
 .data.g_interrupt_enabled
                0x2040003c        0x1 src/ASF/common/utils/interrupt/interrupt_sam_nvic.o
                0x2040003c                g_interrupt_enabled
 *fill*         0x2040003d        0x3 
 .data.ul_flash_in_wait_mode
                0x20400040        0x4 src/ASF/sam/drivers/pmc/pmc.o
 .data.SystemCoreClock
                0x20400044        0x4 src/ASF/sam/utils/cmsis/same70/source/templates/system_same70.o
                0x20400044                SystemCoreClock
 .data._impure_ptr
                0x20400048        0x4 c:/program files (x86)/atmel/studio/7.0/toolchain/arm/arm-gnu-toolchain/bin/../lib/gcc/arm-none-eabi/6.3.1/../../../../arm-none-eabi/lib/thumb/v7e-m\libc.a(lib_a-impure.o)
                0x20400048                _impure_ptr
 *fill*         0x2040004c        0x4 
 .data.impure_data
                0x20400050      0x428 c:/program files (x86)/atmel/studio/7.0/toolchain/arm/arm-gnu-toolchain/bin/../lib/gcc/arm-none-eabi/6.3.1/../../../../arm-none-eabi/lib/thumb/v7e-m\libc.a(lib_a-impure.o)
 .data.__atexit_recursive_mutex
                0x20400478        0x4 c:/program files (x86)/atmel/studio/7.0/toolchain/arm/arm-gnu-toolchain/bin/../lib/gcc/arm-none-eabi/6.3.1/../../../../arm-none-eabi/lib/thumb/v7e-m\libc.a(lib_a-__call_atexit.o)
                0x20400478                __atexit_recursive_mutex
 .data.__malloc_av_
                0x2040047c      0x408 c:/program files (x86)/atmel/studio/7.0/toolchain/arm/arm-gnu-toolchain/bin/../lib/gcc/arm-none-eabi/6.3.1/../../../../arm-none-eabi/lib/thumb/v7e-m\libc.a(lib_a-mallocr.o)
                0x2040047c                __malloc_av_
 .data.__malloc_sbrk_base
                0x20400884        0x4 c:/program files (x86)/atmel/studio/7.0/toolchain/arm/arm-gnu-toolchain/bin/../lib/gcc/arm-none-eabi/6.3.1/../../../../arm-none-eabi/lib/thumb/v7e-m\libc.a(lib_a-mallocr.o)
                0x20400884                __malloc_sbrk_base
 .data.__malloc_trim_threshold
                0x20400888        0x4 c:/program files (x86)/atmel/studio/7.0/toolchain/arm/arm-gnu-toolchain/bin/../lib/gcc/arm-none-eabi/6.3.1/../../../../arm-none-eabi/lib/thumb/v7e-m\libc.a(lib_a-mallocr.o)
                0x20400888                __malloc_trim_threshold
 .data.__global_locale
                0x2040088c      0x16c c:/program files (x86)/atmel/studio/7.0/toolchain/arm/arm-gnu-toolchain/bin/../lib/gcc/arm-none-eabi/6.3.1/../../../../arm-none-eabi/lib/thumb/v7e-m\libc.a(lib_a-locale.o)
                0x2040088c                __global_locale
                0x204009f8                . = ALIGN (0x4)
                0x204009f8                _erelocate = .

.bss            0x204009f8      0x4d4 load address 0x00437ce4
                0x204009f8                . = ALIGN (0x4)
                0x204009f8                _sbss = .
                0x204009f8                _szero = .
 *(.bss .bss.*)
 .bss           0x204009f8       0x1c c:/program files (x86)/atmel/studio/7.0/toolchain/arm/arm-gnu-toolchain/bin/../lib/gcc/arm-none-eabi/6.3.1/thumb/v7e-m/crtbegin.o
 .bss.g_wobits_in_rtt_mr
                0x20400a14        0x4 src/ASF/sam/drivers/rtt/rtt.o
 .bss.f_rtt_alarme
                0x20400a18        0x1 src/main.o
                0x20400a18                f_rtt_alarme
 *fill*         0x20400a19        0x3 
 .bss.g_ul_pixel_cache
                0x20400a1c      0x3c0 src/ASF/sam/components/display/ili9488/ili9488.o
 .bss.gs_interrupt_sources
                0x20400ddc       0x70 src/ASF/sam/drivers/pio/pio_handler.o
 .bss.gs_ul_nb_sources
                0x20400e4c        0x4 src/ASF/sam/drivers/pio/pio_handler.o
 .bss.b_is_sleep_clock_used
                0x20400e50        0x1 src/ASF/sam/drivers/pmc/sleep.o
 *fill*         0x20400e51        0x3 
 .bss.callback_clocks_restored
                0x20400e54        0x4 src/ASF/sam/drivers/pmc/sleep.o
 .bss.heap.6420
                0x20400e58        0x4 src/ASF/sam/utils/syscalls/gcc/syscalls.o
 .bss.__malloc_current_mallinfo
                0x20400e5c       0x28 c:/program files (x86)/atmel/studio/7.0/toolchain/arm/arm-gnu-toolchain/bin/../lib/gcc/arm-none-eabi/6.3.1/../../../../arm-none-eabi/lib/thumb/v7e-m\libc.a(lib_a-mallocr.o)
                0x20400e5c                __malloc_current_mallinfo
 .bss.__malloc_max_sbrked_mem
                0x20400e84        0x4 c:/program files (x86)/atmel/studio/7.0/toolchain/arm/arm-gnu-toolchain/bin/../lib/gcc/arm-none-eabi/6.3.1/../../../../arm-none-eabi/lib/thumb/v7e-m\libc.a(lib_a-mallocr.o)
                0x20400e84                __malloc_max_sbrked_mem
 .bss.__malloc_max_total_mem
                0x20400e88        0x4 c:/program files (x86)/atmel/studio/7.0/toolchain/arm/arm-gnu-toolchain/bin/../lib/gcc/arm-none-eabi/6.3.1/../../../../arm-none-eabi/lib/thumb/v7e-m\libc.a(lib_a-mallocr.o)
                0x20400e88                __malloc_max_total_mem
 .bss.__malloc_top_pad
                0x20400e8c        0x4 c:/program files (x86)/atmel/studio/7.0/toolchain/arm/arm-gnu-toolchain/bin/../lib/gcc/arm-none-eabi/6.3.1/../../../../arm-none-eabi/lib/thumb/v7e-m\libc.a(lib_a-mallocr.o)
                0x20400e8c                __malloc_top_pad
 *(COMMON)
 COMMON         0x20400e90       0x14 src/main.o
                0x20400e90                but_status
                0x20400e94                g_ili9488_display_opt
 COMMON         0x20400ea4       0x21 c:/program files (x86)/atmel/studio/7.0/toolchain/arm/arm-gnu-toolchain/bin/../lib/gcc/arm-none-eabi/6.3.1/../../../../arm-none-eabi/lib/thumb/v7e-m\libc.a(lib_a-lock.o)
                0x20400ea4                __lock___atexit_recursive_mutex
                0x20400ea8                __lock___arc4random_mutex
                0x20400eac                __lock___env_recursive_mutex
                0x20400eb0                __lock___sinit_recursive_mutex
                0x20400eb4                __lock___malloc_recursive_mutex
                0x20400eb8                __lock___at_quick_exit_mutex
                0x20400ebc                __lock___dd_hash_mutex
                0x20400ec0                __lock___tz_mutex
                0x20400ec4                __lock___sfp_recursive_mutex
 *fill*         0x20400ec5        0x3 
 COMMON         0x20400ec8        0x4 c:/program files (x86)/atmel/studio/7.0/toolchain/arm/arm-gnu-toolchain/bin/../lib/gcc/arm-none-eabi/6.3.1/../../../../arm-none-eabi/lib/thumb/v7e-m\libc.a(lib_a-reent.o)
                0x20400ec8                errno
                0x20400ecc                . = ALIGN (0x4)
                0x20400ecc                _ebss = .
                0x20400ecc                _ezero = .

.stack          0x20400ecc     0x2004 load address 0x004381b8
                0x20400ed0                . = ALIGN (0x8)
 *fill*         0x20400ecc        0x4 
                0x20400ed0                _sstack = .
                0x20402ed0                . = (. + STACK_SIZE)
 *fill*         0x20400ed0     0x2000 
                0x20402ed0                . = ALIGN (0x8)
                0x20402ed0                _estack = .

.heap           0x20402ed0      0x200 load address 0x0043a1bc
                0x20402ed0                . = ALIGN (0x8)
                0x20402ed0                _sheap = .
                0x204030d0                . = (. + HEAP_SIZE)
 *fill*         0x20402ed0      0x200 
                0x204030d0                . = ALIGN (0x8)
                0x204030d0                _eheap = .
                0x204030d0                . = ALIGN (0x4)
                0x204030d0                _end = .
                0x2045ffff                _ram_end_ = ((ORIGIN (ram) + LENGTH (ram)) - 0x1)
OUTPUT(SAME70_FONTS.elf elf32-littlearm)

.ARM.attributes
                0x00000000       0x2e
 .ARM.attributes
                0x00000000       0x1e c:/program files (x86)/atmel/studio/7.0/toolchain/arm/arm-gnu-toolchain/bin/../lib/gcc/arm-none-eabi/6.3.1/thumb/v7e-m/crti.o
 .ARM.attributes
                0x0000001e       0x2e c:/program files (x86)/atmel/studio/7.0/toolchain/arm/arm-gnu-toolchain/bin/../lib/gcc/arm-none-eabi/6.3.1/thumb/v7e-m/crtbegin.o
 .ARM.attributes
                0x0000004c       0x37 src/ASF/sam/drivers/rtt/rtt.o
 .ARM.attributes
                0x00000083       0x37 src/main.o
 .ARM.attributes
                0x000000ba       0x37 src/ASF/common/services/spi/sam_spi/spi_master.o
 .ARM.attributes
                0x000000f1       0x37 src/ASF/sam/components/display/ili9488/ili9488.o
 .ARM.attributes
                0x00000128       0x37 src/ASF/sam/drivers/spi/spi.o
 .ARM.attributes
                0x0000015f       0x37 src/ASF/common/services/clock/same70/sysclk.o
 .ARM.attributes
                0x00000196       0x37 src/ASF/common/utils/interrupt/interrupt_sam_nvic.o
 .ARM.attributes
                0x000001cd       0x37 src/ASF/sam/boards/same70_xplained/init.o
 .ARM.attributes
                0x00000204       0x37 src/ASF/sam/drivers/pio/pio.o
 .ARM.attributes
                0x0000023b       0x37 src/ASF/sam/drivers/pio/pio_handler.o
 .ARM.attributes
                0x00000272       0x37 src/ASF/sam/drivers/pmc/pmc.o
 .ARM.attributes
                0x000002a9       0x37 src/ASF/sam/drivers/pmc/sleep.o
 .ARM.attributes
                0x000002e0       0x37 src/ASF/sam/utils/cmsis/same70/source/templates/gcc/startup_same70.o
 .ARM.attributes
                0x00000317       0x37 src/ASF/sam/utils/cmsis/same70/source/templates/system_same70.o
 .ARM.attributes
                0x0000034e       0x37 src/ASF/sam/utils/syscalls/gcc/syscalls.o
 .ARM.attributes
                0x00000385       0x1e c:/program files (x86)/atmel/studio/7.0/toolchain/arm/arm-gnu-toolchain/bin/../lib/gcc/arm-none-eabi/6.3.1/thumb/v7e-m\libgcc.a(_arm_addsubdf3.o)
 .ARM.attributes
                0x000003a3       0x1e c:/program files (x86)/atmel/studio/7.0/toolchain/arm/arm-gnu-toolchain/bin/../lib/gcc/arm-none-eabi/6.3.1/thumb/v7e-m\libgcc.a(_arm_muldivdf3.o)
 .ARM.attributes
                0x000003c1       0x1e c:/program files (x86)/atmel/studio/7.0/toolchain/arm/arm-gnu-toolchain/bin/../lib/gcc/arm-none-eabi/6.3.1/thumb/v7e-m\libgcc.a(_arm_cmpdf2.o)
 .ARM.attributes
                0x000003df       0x1e c:/program files (x86)/atmel/studio/7.0/toolchain/arm/arm-gnu-toolchain/bin/../lib/gcc/arm-none-eabi/6.3.1/thumb/v7e-m\libgcc.a(_arm_truncdfsf2.o)
 .ARM.attributes
                0x000003fd       0x2e c:/program files (x86)/atmel/studio/7.0/toolchain/arm/arm-gnu-toolchain/bin/../lib/gcc/arm-none-eabi/6.3.1/../../../../arm-none-eabi/lib/thumb/v7e-m\libc.a(lib_a-impure.o)
 .ARM.attributes
                0x0000042b       0x2e c:/program files (x86)/atmel/studio/7.0/toolchain/arm/arm-gnu-toolchain/bin/../lib/gcc/arm-none-eabi/6.3.1/../../../../arm-none-eabi/lib/thumb/v7e-m\libc.a(lib_a-init.o)
 .ARM.attributes
                0x00000459       0x2e c:/program files (x86)/atmel/studio/7.0/toolchain/arm/arm-gnu-toolchain/bin/../lib/gcc/arm-none-eabi/6.3.1/../../../../arm-none-eabi/lib/thumb/v7e-m\libc.a(lib_a-memset.o)
 .ARM.attributes
                0x00000487       0x2e c:/program files (x86)/atmel/studio/7.0/toolchain/arm/arm-gnu-toolchain/bin/../lib/gcc/arm-none-eabi/6.3.1/../../../../arm-none-eabi/lib/thumb/v7e-m\libc.a(lib_a-sprintf.o)
 .ARM.attributes
                0x000004b5       0x2e c:/program files (x86)/atmel/studio/7.0/toolchain/arm/arm-gnu-toolchain/bin/../lib/gcc/arm-none-eabi/6.3.1/../../../../arm-none-eabi/lib/thumb/v7e-m\libc.a(lib_a-svfprintf.o)
 .ARM.attributes
                0x000004e3       0x2e c:/program files (x86)/atmel/studio/7.0/toolchain/arm/arm-gnu-toolchain/bin/../lib/gcc/arm-none-eabi/6.3.1/../../../../arm-none-eabi/lib/thumb/v7e-m\libc.a(lib_a-__call_atexit.o)
 .ARM.attributes
                0x00000511       0x2e c:/program files (x86)/atmel/studio/7.0/toolchain/arm/arm-gnu-toolchain/bin/../lib/gcc/arm-none-eabi/6.3.1/../../../../arm-none-eabi/lib/thumb/v7e-m\libc.a(lib_a-atexit.o)
 .ARM.attributes
                0x0000053f       0x2e c:/program files (x86)/atmel/studio/7.0/toolchain/arm/arm-gnu-toolchain/bin/../lib/gcc/arm-none-eabi/6.3.1/../../../../arm-none-eabi/lib/thumb/v7e-m\libc.a(lib_a-dtoa.o)
 .ARM.attributes
                0x0000056d       0x2e c:/program files (x86)/atmel/studio/7.0/toolchain/arm/arm-gnu-toolchain/bin/../lib/gcc/arm-none-eabi/6.3.1/../../../../arm-none-eabi/lib/thumb/v7e-m\libc.a(lib_a-fini.o)
 .ARM.attributes
                0x0000059b       0x2e c:/program files (x86)/atmel/studio/7.0/toolchain/arm/arm-gnu-toolchain/bin/../lib/gcc/arm-none-eabi/6.3.1/../../../../arm-none-eabi/lib/thumb/v7e-m\libc.a(lib_a-localeconv.o)
 .ARM.attributes
                0x000005c9       0x2e c:/program files (x86)/atmel/studio/7.0/toolchain/arm/arm-gnu-toolchain/bin/../lib/gcc/arm-none-eabi/6.3.1/../../../../arm-none-eabi/lib/thumb/v7e-m\libc.a(lib_a-lock.o)
 .ARM.attributes
                0x000005f7       0x2e c:/program files (x86)/atmel/studio/7.0/toolchain/arm/arm-gnu-toolchain/bin/../lib/gcc/arm-none-eabi/6.3.1/../../../../arm-none-eabi/lib/thumb/v7e-m\libc.a(lib_a-mallocr.o)
 .ARM.attributes
                0x00000625       0x1c c:/program files (x86)/atmel/studio/7.0/toolchain/arm/arm-gnu-toolchain/bin/../lib/gcc/arm-none-eabi/6.3.1/../../../../arm-none-eabi/lib/thumb/v7e-m\libc.a(lib_a-memchr.o)
 .ARM.attributes
                0x00000641       0x1c c:/program files (x86)/atmel/studio/7.0/toolchain/arm/arm-gnu-toolchain/bin/../lib/gcc/arm-none-eabi/6.3.1/../../../../arm-none-eabi/lib/thumb/v7e-m\libc.a(lib_a-memcpy.o)
 .ARM.attributes
                0x0000065d       0x2e c:/program files (x86)/atmel/studio/7.0/toolchain/arm/arm-gnu-toolchain/bin/../lib/gcc/arm-none-eabi/6.3.1/../../../../arm-none-eabi/lib/thumb/v7e-m\libc.a(lib_a-mlock.o)
 .ARM.attributes
                0x0000068b       0x2e c:/program files (x86)/atmel/studio/7.0/toolchain/arm/arm-gnu-toolchain/bin/../lib/gcc/arm-none-eabi/6.3.1/../../../../arm-none-eabi/lib/thumb/v7e-m\libc.a(lib_a-mprec.o)
 .ARM.attributes
                0x000006b9       0x2e c:/program files (x86)/atmel/studio/7.0/toolchain/arm/arm-gnu-toolchain/bin/../lib/gcc/arm-none-eabi/6.3.1/../../../../arm-none-eabi/lib/thumb/v7e-m\libc.a(lib_a-sbrkr.o)
 .ARM.attributes
                0x000006e7       0x1c c:/program files (x86)/atmel/studio/7.0/toolchain/arm/arm-gnu-toolchain/bin/../lib/gcc/arm-none-eabi/6.3.1/../../../../arm-none-eabi/lib/thumb/v7e-m\libc.a(lib_a-strlen.o)
 .ARM.attributes
                0x00000703       0x2e c:/program files (x86)/atmel/studio/7.0/toolchain/arm/arm-gnu-toolchain/bin/../lib/gcc/arm-none-eabi/6.3.1/../../../../arm-none-eabi/lib/thumb/v7e-m\libc.a(lib_a-svfiprintf.o)
 .ARM.attributes
                0x00000731       0x2e c:/program files (x86)/atmel/studio/7.0/toolchain/arm/arm-gnu-toolchain/bin/../lib/gcc/arm-none-eabi/6.3.1/../../../../arm-none-eabi/lib/thumb/v7e-m\libc.a(lib_a-__atexit.o)
 .ARM.attributes
                0x0000075f       0x2e c:/program files (x86)/atmel/studio/7.0/toolchain/arm/arm-gnu-toolchain/bin/../lib/gcc/arm-none-eabi/6.3.1/../../../../arm-none-eabi/lib/thumb/v7e-m\libc.a(lib_a-callocr.o)
 .ARM.attributes
                0x0000078d       0x2e c:/program files (x86)/atmel/studio/7.0/toolchain/arm/arm-gnu-toolchain/bin/../lib/gcc/arm-none-eabi/6.3.1/../../../../arm-none-eabi/lib/thumb/v7e-m\libc.a(lib_a-freer.o)
 .ARM.attributes
                0x000007bb       0x2e c:/program files (x86)/atmel/studio/7.0/toolchain/arm/arm-gnu-toolchain/bin/../lib/gcc/arm-none-eabi/6.3.1/../../../../arm-none-eabi/lib/thumb/v7e-m\libc.a(lib_a-locale.o)
 .ARM.attributes
                0x000007e9       0x2e c:/program files (x86)/atmel/studio/7.0/toolchain/arm/arm-gnu-toolchain/bin/../lib/gcc/arm-none-eabi/6.3.1/../../../../arm-none-eabi/lib/thumb/v7e-m\libc.a(lib_a-mbtowc_r.o)
 .ARM.attributes
                0x00000817       0x2e c:/program files (x86)/atmel/studio/7.0/toolchain/arm/arm-gnu-toolchain/bin/../lib/gcc/arm-none-eabi/6.3.1/../../../../arm-none-eabi/lib/thumb/v7e-m\libc.a(lib_a-memmove.o)
 .ARM.attributes
                0x00000845       0x2e c:/program files (x86)/atmel/studio/7.0/toolchain/arm/arm-gnu-toolchain/bin/../lib/gcc/arm-none-eabi/6.3.1/../../../../arm-none-eabi/lib/thumb/v7e-m\libc.a(lib_a-reallocr.o)
 .ARM.attributes
                0x00000873       0x2e c:/program files (x86)/atmel/studio/7.0/toolchain/arm/arm-gnu-toolchain/bin/../lib/gcc/arm-none-eabi/6.3.1/../../../../arm-none-eabi/lib/thumb/v7e-m\libc.a(lib_a-reent.o)
 .ARM.attributes
                0x000008a1       0x2e c:/program files (x86)/atmel/studio/7.0/toolchain/arm/arm-gnu-toolchain/bin/../lib/gcc/arm-none-eabi/6.3.1/../../../../arm-none-eabi/lib/thumb/v7e-m\libc.a(lib_a-wctomb_r.o)
 .ARM.attributes
                0x000008cf       0x2e c:/program files (x86)/atmel/studio/7.0/toolchain/arm/arm-gnu-toolchain/bin/../lib/gcc/arm-none-eabi/6.3.1/../../../../arm-none-eabi/lib/thumb/v7e-m\libc.a(lib_a-ctype_.o)
 .ARM.attributes
                0x000008fd       0x1e c:/program files (x86)/atmel/studio/7.0/toolchain/arm/arm-gnu-toolchain/bin/../lib/gcc/arm-none-eabi/6.3.1/thumb/v7e-m\libgcc.a(_arm_unorddf2.o)
 .ARM.attributes
                0x0000091b       0x1e c:/program files (x86)/atmel/studio/7.0/toolchain/arm/arm-gnu-toolchain/bin/../lib/gcc/arm-none-eabi/6.3.1/thumb/v7e-m\libgcc.a(_arm_fixdfsi.o)
 .ARM.attributes
                0x00000939       0x1e c:/program files (x86)/atmel/studio/7.0/toolchain/arm/arm-gnu-toolchain/bin/../lib/gcc/arm-none-eabi/6.3.1/thumb/v7e-m\libgcc.a(_aeabi_uldivmod.o)
 .ARM.attributes
                0x00000957       0x2e c:/program files (x86)/atmel/studio/7.0/toolchain/arm/arm-gnu-toolchain/bin/../lib/gcc/arm-none-eabi/6.3.1/thumb/v7e-m\libgcc.a(_udivmoddi4.o)
 .ARM.attributes
                0x00000985       0x1e c:/program files (x86)/atmel/studio/7.0/toolchain/arm/arm-gnu-toolchain/bin/../lib/gcc/arm-none-eabi/6.3.1/thumb/v7e-m\libgcc.a(_dvmd_tls.o)
 .ARM.attributes
                0x000009a3       0x1e c:/program files (x86)/atmel/studio/7.0/toolchain/arm/arm-gnu-toolchain/bin/../lib/gcc/arm-none-eabi/6.3.1/thumb/v7e-m/crtn.o

.comment        0x00000000       0x59
 .comment       0x00000000       0x59 src/ASF/sam/drivers/rtt/rtt.o
                                 0x5a (size before relaxing)
 .comment       0x00000059       0x5a src/main.o
 .comment       0x00000059       0x5a src/ASF/common/services/spi/sam_spi/spi_master.o
 .comment       0x00000059       0x5a src/ASF/sam/components/display/ili9488/ili9488.o
 .comment       0x00000059       0x5a src/ASF/sam/drivers/spi/spi.o
 .comment       0x00000059       0x5a src/ASF/common/services/clock/same70/sysclk.o
 .comment       0x00000059       0x5a src/ASF/common/utils/interrupt/interrupt_sam_nvic.o
 .comment       0x00000059       0x5a src/ASF/sam/boards/same70_xplained/init.o
 .comment       0x00000059       0x5a src/ASF/sam/drivers/pio/pio.o
 .comment       0x00000059       0x5a src/ASF/sam/drivers/pio/pio_handler.o
 .comment       0x00000059       0x5a src/ASF/sam/drivers/pmc/pmc.o
 .comment       0x00000059       0x5a src/ASF/sam/drivers/pmc/sleep.o
 .comment       0x00000059       0x5a src/ASF/sam/utils/cmsis/same70/source/templates/gcc/startup_same70.o
 .comment       0x00000059       0x5a src/ASF/sam/utils/cmsis/same70/source/templates/system_same70.o
 .comment       0x00000059       0x5a src/ASF/sam/utils/syscalls/gcc/syscalls.o

.debug_info     0x00000000    0x15a1a
 .debug_info    0x00000000      0xcaf src/ASF/sam/drivers/rtt/rtt.o
 .debug_info    0x00000caf     0x3515 src/main.o
 .debug_info    0x000041c4     0x143e src/ASF/common/services/spi/sam_spi/spi_master.o
 .debug_info    0x00005602     0x208c src/ASF/sam/components/display/ili9488/ili9488.o
 .debug_info    0x0000768e     0x1123 src/ASF/sam/drivers/spi/spi.o
 .debug_info    0x000087b1     0x1311 src/ASF/common/services/clock/same70/sysclk.o
 .debug_info    0x00009ac2      0xb06 src/ASF/common/utils/interrupt/interrupt_sam_nvic.o
 .debug_info    0x0000a5c8     0x1dad src/ASF/sam/boards/same70_xplained/init.o
 .debug_info    0x0000c375     0x1ce3 src/ASF/sam/drivers/pio/pio.o
 .debug_info    0x0000e058     0x1a74 src/ASF/sam/drivers/pio/pio_handler.o
 .debug_info    0x0000facc     0x1eed src/ASF/sam/drivers/pmc/pmc.o
 .debug_info    0x000119b9     0x16bf src/ASF/sam/drivers/pmc/sleep.o
 .debug_info    0x00013078     0x1612 src/ASF/sam/utils/cmsis/same70/source/templates/gcc/startup_same70.o
 .debug_info    0x0001468a      0x5d4 src/ASF/sam/utils/cmsis/same70/source/templates/system_same70.o
 .debug_info    0x00014c5e      0xdbc src/ASF/sam/utils/syscalls/gcc/syscalls.o

.debug_abbrev   0x00000000     0x27c3
 .debug_abbrev  0x00000000      0x203 src/ASF/sam/drivers/rtt/rtt.o
 .debug_abbrev  0x00000203      0x33a src/main.o
 .debug_abbrev  0x0000053d      0x305 src/ASF/common/services/spi/sam_spi/spi_master.o
 .debug_abbrev  0x00000842      0x2f4 src/ASF/sam/components/display/ili9488/ili9488.o
 .debug_abbrev  0x00000b36      0x2cf src/ASF/sam/drivers/spi/spi.o
 .debug_abbrev  0x00000e05      0x296 src/ASF/common/services/clock/same70/sysclk.o
 .debug_abbrev  0x0000109b      0x214 src/ASF/common/utils/interrupt/interrupt_sam_nvic.o
 .debug_abbrev  0x000012af      0x3f4 src/ASF/sam/boards/same70_xplained/init.o